Conf#astropy.visualization.wcsaxes
base_constants_version#astropy
physical_constants#astropy
astronomical_constants#astropy
SAMPWarning#astropy.samp.errors
SAMPHubError#astropy.samp.errors
SAMPClientError#astropy.samp.errors
SAMPProxyError#astropy.samp.errors
SAMPSimpleXMLRPCRequestHandler#astropy.samp.standard_profile
ThreadingXMLRPCServer#astropy.samp.standard_profile
_ServerProxyPoolMethod#astropy.samp.utils
ServerProxyPool#astropy.samp.utils
SAMPMsgReplierWrapper#astropy.samp.utils
_HubAsClient#astropy.samp.utils
_HubAsClientMethod#astropy.samp.utils
SAMPHubServer#astropy.samp.hub
WebProfileDialog#astropy.samp.hub
WebProfileRequestHandler#astropy.samp.web_profile
WebProfileXMLRPCServer#astropy.samp.web_profile
SAMPClient#astropy.samp.client
SAMPHubProxy#astropy.samp.hub_proxy
SAMPIntegratedClient#astropy.samp.integrated_client
LombScargle#astropy.timeseries.periodograms.lombscargle.core
SigmaClip#astropy.stats.sigma_clipping
BoxLeastSquares#astropy.timeseries.periodograms.bls.core
BoxLeastSquaresResults#astropy.timeseries.periodograms.bls.core
FitnessFunc#astropy.stats.bayesian_blocks
Events#astropy.stats.bayesian_blocks
RegularEvents#astropy.stats.bayesian_blocks
PointMeasures#astropy.stats.bayesian_blocks
RipleysKEstimator#astropy.stats.spatial
_KnuthF#astropy.stats.histogram
Distribution#astropy.uncertainty.core
ScalarDistribution#astropy.uncertainty.core
ArrayDistribution#astropy.uncertainty.core
_DistributionRepr#astropy.uncertainty.core
NdarrayDistribution#astropy.uncertainty.core
Gaussian1DKernel#astropy.convolution.kernels
Gaussian2DKernel#astropy.convolution.kernels
Box1DKernel#astropy.convolution.kernels
Box2DKernel#astropy.convolution.kernels
Tophat2DKernel#astropy.convolution.kernels
Ring2DKernel#astropy.convolution.kernels
Trapezoid1DKernel#astropy.convolution.kernels
TrapezoidDisk2DKernel#astropy.convolution.kernels
RickerWavelet1DKernel#astropy.convolution.kernels
RickerWavelet2DKernel#astropy.convolution.kernels
AiryDisk2DKernel#astropy.convolution.kernels
Moffat2DKernel#astropy.convolution.kernels
Model1DKernel#astropy.convolution.kernels
Model2DKernel#astropy.convolution.kernels
PSFKernel#astropy.convolution.kernels
CustomKernel#astropy.convolution.kernels
MexicanHat1DKernel#astropy.convolution.kernels
MexicanHat2DKernel#astropy.convolution.kernels
DiscretizationError#astropy.convolution.utils
KernelSizeError#astropy.convolution.utils
Kernel#astropy.convolution.core
Kernel1D#astropy.convolution.core
Kernel2D#astropy.convolution.core
LocaleTime#astropy.extern._strptime
TimeRE#astropy.extern._strptime
ValidateError#astropy.extern.configobj.validate
VdtMissingValue#astropy.extern.configobj.validate
VdtUnknownCheckError#astropy.extern.configobj.validate
VdtParamError#astropy.extern.configobj.validate
VdtTypeError#astropy.extern.configobj.validate
VdtValueError#astropy.extern.configobj.validate
VdtValueTooSmallError#astropy.extern.configobj.validate
VdtValueTooBigError#astropy.extern.configobj.validate
VdtValueTooShortError#astropy.extern.configobj.validate
VdtValueTooLongError#astropy.extern.configobj.validate
Validator#astropy.extern.configobj.validate
UnknownType#astropy.extern.configobj.configobj
Builder#astropy.extern.configobj.configobj
ConfigObjError#astropy.extern.configobj.configobj
NestingError#astropy.extern.configobj.configobj
ParseError#astropy.extern.configobj.configobj
ReloadError#astropy.extern.configobj.configobj
DuplicateError#astropy.extern.configobj.configobj
ConfigspecError#astropy.extern.configobj.configobj
InterpolationError#astropy.extern.configobj.configobj
InterpolationLoopError#astropy.extern.configobj.configobj
RepeatSectionError#astropy.extern.configobj.configobj
MissingInterpolationOption#astropy.extern.configobj.configobj
UnreprError#astropy.extern.configobj.configobj
InterpolationEngine#astropy.extern.configobj.configobj
ConfigParserInterpolation#astropy.extern.configobj.configobj
TemplateInterpolation#astropy.extern.configobj.configobj
Section#astropy.io.fits.hdu.image
ConfigObj#astropy.extern.configobj.configobj
SimpleVal#astropy.extern.configobj.configobj
Macro#astropy.extern.ply.cpp
Preprocessor#astropy.extern.ply.cpp
LexError#astropy.extern.ply.lex
LexToken#astropy.extern.ply.lex
PlyLogger#astropy.extern.ply.yacc
NullLogger#astropy.extern.ply.yacc
Lexer#astropy.extern.ply.lex
LexerReflect#astropy.extern.ply.lex
YaccError#astropy.extern.ply.yacc
YaccSymbol#astropy.extern.ply.yacc
YaccProduction#astropy.extern.ply.yacc
LRParser#astropy.extern.ply.yacc
Production#astropy.extern.ply.yacc
MiniProduction#astropy.extern.ply.yacc
LRItem#astropy.extern.ply.yacc
GrammarError#astropy.extern.ply.yacc
Grammar#astropy.extern.ply.yacc
VersionError#astropy.extern.ply.yacc
LRTable#astropy.extern.ply.yacc
LALRError#astropy.extern.ply.yacc
LRGeneratedTable#astropy.extern.ply.yacc
ParserReflect#astropy.extern.ply.yacc
Parameter#astropy.modeling.parameters
CosmologyError#astropy.cosmology.core
Cosmology#astropy.cosmology.core
FlatCosmologyMixin#astropy.cosmology.core
_CosmologyModel#astropy.cosmology.io.model
wCDM#astropy.cosmology.flrw.w0cdm
FlatwCDM#astropy.cosmology.flrw.w0cdm
FLRW#astropy.cosmology.flrw.base
FlatFLRWMixin#astropy.cosmology.flrw.base
w0wzCDM#astropy.cosmology.flrw.w0wzcdm
w0waCDM#astropy.cosmology.flrw.w0wacdm
Flatw0waCDM#astropy.cosmology.flrw.w0wacdm
wpwaCDM#astropy.cosmology.flrw.wpwazpcdm
LambdaCDM#astropy.cosmology.flrw.lambdacdm
FlatLambdaCDM#astropy.cosmology.flrw.lambdacdm
default_cosmology#astropy.cosmology.realizations
CosmologyRead#astropy.cosmology.connect
CosmologyWrite#astropy.cosmology.connect
CosmologyFromFormat#astropy.cosmology.connect
CosmologyToFormat#astropy.cosmology.connect
ColumnOrderList#astropy.table.meta
ColumnDict#astropy.table.meta
YamlParseError#astropy.table.meta
StringTruncateWarning#astropy.table.column
FalseArray#astropy.table.column
ColumnInfo#astropy.table.column
BaseColumn#astropy.table.column
Column#astropy.io.ascii.core
MaskedColumnInfo#astropy.table.column
MaskedColumn#astropy.table.column
TableMergeError#astropy.table.np_utils
TableInfo#astropy.table.info
Row#astropy.table.row
TableReplaceWarning#astropy.table.table
TableColumns#astropy.table.table
TableAttribute#astropy.table.table
PprintIncludeExclude#astropy.table.table
Table#astropy.io.votable.tree
QTable#astropy.table.table
TableFormatter#astropy.table.pprint
Node#astropy.table.bst
SCEngine#astropy.table.soco
SortedArray#astropy.table.sorted_array
BaseGroups#astropy.table.groups
ColumnGroups#astropy.table.groups
TableGroups#astropy.table.groups
NdarrayMixinInfo#astropy.table.ndarray_mixin
NdarrayMixin#astropy.table.ndarray_mixin
MaxValue#astropy.table.bst
MinValue#astropy.table.bst
Epsilon#astropy.table.bst
BST#astropy.table.bst
TableRead#astropy.table.connect
TableWrite#astropy.table.connect
MixinRegistryError#astropy.table.mixins.registry
HTMLWithBackup#astropy.table.pandas
QueryError#astropy.table.index
Index#astropy.table.index
SlicedIndex#astropy.table.index
_IndexModeContext#astropy.table.index
TableIndices#astropy.table.index
TableLoc#astropy.table.index
TableLocIndices#astropy.table.index
TableILoc#astropy.table.index
TimingTables#astropy.table.table_helpers
ArrayWrapperInfo#astropy.table.table_helpers
ArrayWrapper#astropy.table.table_helpers
JSViewer#astropy.table.jsviewer
SerializedColumnInfo#astropy.table.serialize
SerializedColumn#astropy.table.serialize
_TableLite#astropy.table.serialize
QuantityInput#astropy.units.decorators
PhysicalType#astropy.units.physical
QuantityIterator#astropy.units.quantity
QuantityInfoBase#astropy.units.quantity
QuantityInfo#astropy.units.quantity
Quantity#astropy.units.quantity
SpecificTypeQuantity#astropy.units.quantity
Unicode#astropy.units.format.unicode_format
Base#astropy.units.format.base
Latex#astropy.io.ascii.latex
LatexInline#astropy.units.format.latex
VOUnit#astropy.units.format.vounit
CDS#astropy.units.format.cds
Generic#astropy.units.format.generic
Unscaled#astropy.units.format.generic
OGIP#astropy.units.format.ogip
Fits#astropy.units.format.fits
Console#astropy.units.format.console
StructuredUnit#astropy.units.structured
Structure#astropy.units.structured
UfuncHelpers#astropy.units.quantity_helper.converters
FunctionAssigner#astropy.units.quantity_helper.function_helpers
FunctionUnitBase#astropy.units.function.core
FunctionQuantity#astropy.units.function.core
FunctionMixin#astropy.units.function.mixin
IrreducibleFunctionUnit#astropy.units.function.mixin
RegularFunctionUnit#astropy.units.function.mixin
LogUnit#astropy.units.function.logarithmic
MagUnit#astropy.units.function.logarithmic
DexUnit#astropy.units.function.logarithmic
DecibelUnit#astropy.units.function.logarithmic
LogQuantity#astropy.units.function.logarithmic
Dex#astropy.units.function.logarithmic
Decibel#astropy.units.function.logarithmic
Magnitude#astropy.units.function.logarithmic
_UnitRegistry#astropy.units.core
_UnitContext#astropy.units.core
UnitsError#astropy.coordinates.errors
UnitScaleError#astropy.units.core
UnitConversionError#astropy.units.core
UnitTypeError#astropy.units.core
UnitsWarning#astropy.units.core
UnitBase#astropy.units.core
NamedUnit#astropy.units.core
IrreducibleUnit#astropy.units.core
UnrecognizedUnit#astropy.units.core
_UnitMetaClass#astropy.units.core
Unit#astropy.units.core
PrefixUnit#astropy.units.core
CompositeUnit#astropy.units.core
Equivalency#astropy.units.equivalencies
TimeFormat#astropy.time.formats
TimeNumeric#astropy.time.formats
TimeJD#astropy.time.formats
TimeMJD#astropy.time.formats
TimeDecimalYear#astropy.time.formats
TimeFromEpoch#astropy.time.formats
TimeUnix#astropy.time.formats
TimeUnixTai#astropy.time.formats
TimeCxcSec#astropy.time.formats
TimeGPS#astropy.time.formats
TimePlotDate#astropy.time.formats
TimeStardate#astropy.time.formats
TimeUnique#astropy.time.formats
TimeAstropyTime#astropy.time.formats
TimeDatetime#astropy.time.formats
TimeYMDHMS#astropy.time.formats
TimezoneInfo#astropy.time.formats
TimeString#astropy.time.formats
TimeISO#astropy.time.formats
TimeISOT#astropy.time.formats
TimeYearDayTime#astropy.time.formats
TimeDatetime64#astropy.time.formats
TimeFITS#astropy.time.formats
TimeEpochDate#astropy.time.formats
TimeBesselianEpoch#astropy.time.formats
TimeJulianEpoch#astropy.time.formats
TimeEpochDateString#astropy.time.formats
TimeBesselianEpochString#astropy.time.formats
TimeJulianEpochString#astropy.time.formats
TimeDeltaFormat#astropy.time.formats
TimeDeltaNumeric#astropy.time.formats
TimeDeltaSec#astropy.time.formats
TimeDeltaJD#astropy.time.formats
TimeDeltaDatetime#astropy.time.formats
_LeapSecondsCheck#astropy.time.core
TimeInfoBase#astropy.time.core
TimeInfo#astropy.time.core
TimeDeltaInfo#astropy.time.core
TimeBase#astropy.time.core
Time#astropy.time.core
TimeDeltaMissingUnitWarning#astropy.time.core
TimeDelta#astropy.time.core
ScaleValueError#astropy.time.core
OperandTypeError#astropy.time.core
Mapping#astropy.visualization.lupton_rgb
Identity#astropy.modeling.mappings
UnitsMapping#astropy.modeling.mappings
PolynomialBase#astropy.modeling.polynomial
PolynomialModel#astropy.modeling.polynomial
_PolyDomainWindow1D#astropy.modeling.polynomial
OrthoPolynomialBase#astropy.modeling.polynomial
Chebyshev1D#astropy.modeling.polynomial
Hermite1D#astropy.modeling.polynomial
Hermite2D#astropy.modeling.polynomial
Legendre1D#astropy.modeling.polynomial
Polynomial1D#astropy.modeling.polynomial
Polynomial2D#astropy.modeling.polynomial
Chebyshev2D#astropy.modeling.polynomial
Legendre2D#astropy.modeling.polynomial
_SIP1D#astropy.modeling.polynomial
SIP#astropy.modeling.polynomial
InverseSIP#astropy.modeling.polynomial
_ParameterDS#astropy.modeling.projections
Projection#astropy.modeling.projections
Pix2SkyProjection#astropy.modeling.projections
Sky2PixProjection#astropy.modeling.projections
Zenithal#astropy.modeling.projections
Pix2Sky_ZenithalPerspective#astropy.modeling.projections
Sky2Pix_ZenithalPerspective#astropy.modeling.projections
Pix2Sky_SlantZenithalPerspective#astropy.modeling.projections
Sky2Pix_SlantZenithalPerspective#astropy.modeling.projections
Pix2Sky_Gnomonic#astropy.modeling.projections
Sky2Pix_Gnomonic#astropy.modeling.projections
Pix2Sky_Stereographic#astropy.modeling.projections
Sky2Pix_Stereographic#astropy.modeling.projections
Pix2Sky_SlantOrthographic#astropy.modeling.projections
Sky2Pix_SlantOrthographic#astropy.modeling.projections
Pix2Sky_ZenithalEquidistant#astropy.modeling.projections
Sky2Pix_ZenithalEquidistant#astropy.modeling.projections
Pix2Sky_ZenithalEqualArea#astropy.modeling.projections
Sky2Pix_ZenithalEqualArea#astropy.modeling.projections
Pix2Sky_Airy#astropy.modeling.projections
Sky2Pix_Airy#astropy.modeling.projections
Cylindrical#astropy.modeling.projections
Pix2Sky_CylindricalPerspective#astropy.modeling.projections
Sky2Pix_CylindricalPerspective#astropy.modeling.projections
Pix2Sky_CylindricalEqualArea#astropy.modeling.projections
Sky2Pix_CylindricalEqualArea#astropy.modeling.projections
Pix2Sky_PlateCarree#astropy.modeling.projections
Sky2Pix_PlateCarree#astropy.modeling.projections
Pix2Sky_Mercator#astropy.modeling.projections
Sky2Pix_Mercator#astropy.modeling.projections
PseudoCylindrical#astropy.modeling.projections
Pix2Sky_SansonFlamsteed#astropy.modeling.projections
Sky2Pix_SansonFlamsteed#astropy.modeling.projections
Pix2Sky_Parabolic#astropy.modeling.projections
Sky2Pix_Parabolic#astropy.modeling.projections
Pix2Sky_Molleweide#astropy.modeling.projections
Sky2Pix_Molleweide#astropy.modeling.projections
Pix2Sky_HammerAitoff#astropy.modeling.projections
Sky2Pix_HammerAitoff#astropy.modeling.projections
Conic#astropy.modeling.projections
Pix2Sky_ConicPerspective#astropy.modeling.projections
Sky2Pix_ConicPerspective#astropy.modeling.projections
Pix2Sky_ConicEqualArea#astropy.modeling.projections
Sky2Pix_ConicEqualArea#astropy.modeling.projections
Pix2Sky_ConicEquidistant#astropy.modeling.projections
Sky2Pix_ConicEquidistant#astropy.modeling.projections
Pix2Sky_ConicOrthomorphic#astropy.modeling.projections
Sky2Pix_ConicOrthomorphic#astropy.modeling.projections
PseudoConic#astropy.modeling.projections
Pix2Sky_BonneEqualArea#astropy.modeling.projections
Sky2Pix_BonneEqualArea#astropy.modeling.projections
Pix2Sky_Polyconic#astropy.modeling.projections
Sky2Pix_Polyconic#astropy.modeling.projections
QuadCube#astropy.modeling.projections
Pix2Sky_TangentialSphericalCube#astropy.modeling.projections
Sky2Pix_TangentialSphericalCube#astropy.modeling.projections
Pix2Sky_COBEQuadSphericalCube#astropy.modeling.projections
Sky2Pix_COBEQuadSphericalCube#astropy.modeling.projections
Pix2Sky_QuadSphericalCube#astropy.modeling.projections
Sky2Pix_QuadSphericalCube#astropy.modeling.projections
HEALPix#astropy.modeling.projections
Pix2Sky_HEALPix#astropy.modeling.projections
Sky2Pix_HEALPix#astropy.modeling.projections
Pix2Sky_HEALPixPolar#astropy.modeling.projections
Sky2Pix_HEALPixPolar#astropy.modeling.projections
AffineTransformation2D#astropy.modeling.projections
BlackBody#astropy.modeling.physical_models
Drude1D#astropy.modeling.physical_models
Plummer1D#astropy.modeling.physical_models
NFW#astropy.modeling.physical_models
NonFiniteValueError#astropy.modeling.fitting
Covariance#astropy.modeling.fitting
StandardDeviations#astropy.modeling.fitting
ModelsError#astropy.modeling.fitting
ModelLinearityError#astropy.modeling.fitting
UnsupportedConstraintError#astropy.modeling.fitting
_FitterMeta#astropy.modeling.fitting
Fitter#astropy.modeling.fitting
LinearLSQFitter#astropy.modeling.fitting
FittingWithOutlierRemoval#astropy.modeling.fitting
_NonLinearLSQFitter#astropy.modeling.fitting
LevMarLSQFitter#astropy.modeling.fitting
_NLLSQFitter#astropy.modeling.fitting
TRFLSQFitter#astropy.modeling.fitting
DogBoxLSQFitter#astropy.modeling.fitting
LMLSQFitter#astropy.modeling.fitting
SLSQPLSQFitter#astropy.modeling.fitting
SimplexLSQFitter#astropy.modeling.fitting
JointFitter#astropy.modeling.fitting
Gaussian1D#astropy.modeling.functional_models
Gaussian2D#astropy.modeling.functional_models
Shift#astropy.modeling.functional_models
Scale#astropy.modeling.functional_models
Multiply#astropy.modeling.functional_models
RedshiftScaleFactor#astropy.modeling.functional_models
Sersic1D#astropy.modeling.functional_models
_Trigonometric1D#astropy.modeling.functional_models
Sine1D#astropy.modeling.functional_models
Cosine1D#astropy.modeling.functional_models
Tangent1D#astropy.modeling.functional_models
_InverseTrigonometric1D#astropy.modeling.functional_models
ArcSine1D#astropy.modeling.functional_models
ArcCosine1D#astropy.modeling.functional_models
ArcTangent1D#astropy.modeling.functional_models
Linear1D#astropy.modeling.functional_models
Planar2D#astropy.modeling.functional_models
Lorentz1D#astropy.modeling.functional_models
Voigt1D#astropy.modeling.functional_models
Const1D#astropy.modeling.functional_models
Const2D#astropy.modeling.functional_models
Ellipse2D#astropy.modeling.functional_models
Disk2D#astropy.modeling.functional_models
Ring2D#astropy.modeling.functional_models
Box1D#astropy.modeling.functional_models
Box2D#astropy.modeling.functional_models
Trapezoid1D#astropy.modeling.functional_models
TrapezoidDisk2D#astropy.modeling.functional_models
RickerWavelet1D#astropy.modeling.functional_models
RickerWavelet2D#astropy.modeling.functional_models
AiryDisk2D#astropy.modeling.functional_models
Moffat1D#astropy.modeling.functional_models
Moffat2D#astropy.modeling.functional_models
Sersic2D#astropy.modeling.functional_models
KingProjectedAnalytic1D#astropy.modeling.functional_models
Logarithmic1D#astropy.modeling.functional_models
Exponential1D#astropy.modeling.functional_models
ParameterError#astropy.io.ascii.core
InputParameterError#astropy.modeling.parameters
ParameterDefinitionError#astropy.modeling.parameters
_NPUfuncModel#astropy.modeling.math_functions
AliasDict#astropy.modeling.utils
_ConstraintsDict#astropy.modeling.utils
_SpecialOperatorsDict#astropy.modeling.utils
_Interval#astropy.modeling.bounding_box
_BoundingDomain#astropy.modeling.bounding_box
ModelBoundingBox#astropy.modeling.bounding_box
_SelectorArgument#astropy.modeling.bounding_box
_SelectorArguments#astropy.modeling.bounding_box
CompoundBoundingBox#astropy.modeling.bounding_box
Optimization#astropy.modeling.optimizers
SLSQP#astropy.modeling.optimizers
Simplex#astropy.modeling.optimizers
RotationSequence3D#astropy.modeling.rotations
SphericalRotationSequence#astropy.modeling.rotations
_EulerRotation#astropy.modeling.rotations
EulerAngleRotation#astropy.modeling.rotations
_SkyRotation#astropy.modeling.rotations
RotateNative2Celestial#astropy.modeling.rotations
RotateCelestial2Native#astropy.modeling.rotations
Rotation2D#astropy.modeling.rotations
ModelDefinitionError#astropy.modeling.core
_ModelMeta#astropy.modeling.core
Model#astropy.modeling.core
FittableModel#astropy.modeling.core
Fittable1DModel#astropy.modeling.core
Fittable2DModel#astropy.modeling.core
CompoundModel#astropy.modeling.core
PowerLaw1D#astropy.modeling.powerlaws
BrokenPowerLaw1D#astropy.modeling.powerlaws
SmoothlyBrokenPowerLaw1D#astropy.modeling.powerlaws
ExponentialCutoffPowerLaw1D#astropy.modeling.powerlaws
LogParabola1D#astropy.modeling.powerlaws
Schechter1D#astropy.modeling.powerlaws
_Tabular#astropy.modeling.tabular
Convolution#astropy.modeling.convolution
_Spline#astropy.modeling.spline
Spline1D#astropy.modeling.spline
_SplineFitter#astropy.modeling.spline
SplineInterpolateFitter#astropy.modeling.spline
SplineSmoothingFitter#astropy.modeling.spline
SplineExactKnotsFitter#astropy.modeling.spline
SplineSplrepFitter#astropy.modeling.spline
NDDataBase#astropy.nddata.nddata_base
NDDataRef#astropy.nddata.nddata_withmixins
InvalidBitFlag#astropy.nddata.bitmask
BitFlag#astropy.nddata.bitmask
BitFlagNameMeta#astropy.nddata.bitmask
BitFlagNameMap#astropy.nddata.bitmask
NoOverlapError#astropy.nddata.utils
PartialOverlapError#astropy.nddata.utils
Cutout2D#astropy.nddata.utils
FlagCollection#astropy.nddata.flag_collection
NDData#astropy.nddata.nddata
IncompatibleUncertaintiesException#astropy.nddata.nduncertainty
MissingDataAssociationException#astropy.nddata.nduncertainty
NDUncertainty#astropy.nddata.nduncertainty
UnknownUncertainty#astropy.nddata.nduncertainty
_VariancePropagationMixin#astropy.nddata.nduncertainty
StdDevUncertainty#astropy.nddata.nduncertainty
VarianceUncertainty#astropy.nddata.nduncertainty
InverseVariance#astropy.nddata.nduncertainty
CCDData#astropy.nddata.ccddata
NDArithmeticMixin#astropy.nddata.mixins.ndarithmetic
NDSlicingMixin#astropy.nddata.mixins.ndslicing
NDDataRead#astropy.nddata.mixins.ndio
NDDataWrite#astropy.nddata.mixins.ndio
NDIOMixin#astropy.nddata.mixins.ndio
NDDataArray#astropy.nddata.compat
LoggingError#astropy.logger
_AstLogIPYExc#astropy.logger
AstropyLogger#astropy.logger
StreamHandler#astropy.logger
FilterOrigin#astropy.logger
ListHandler#astropy.logger
classproperty#astropy.utils.decorators
lazyproperty#astropy.utils.decorators
sharedmethod#astropy.utils.decorators
_ScienceStateContext#astropy.utils.state
ScienceState#astropy.utils.state
_NonClosingBufferedReader#astropy.utils.data
_NonClosingTextIOWrapper#astropy.utils.data
CacheMissingWarning#astropy.utils.data
_ftptlswrapper#astropy.utils.data
_FTPTLSHandler#astropy.utils.data
ReadOnlyDict#astropy.utils.data
CacheDamaged#astropy.utils.data
IERSWarning#astropy.utils.iers.iers
IERSDegradedAccuracyWarning#astropy.utils.iers.iers
IERSStaleWarning#astropy.utils.iers.iers
IERSRangeError#astropy.utils.iers.iers
IERS#astropy.utils.iers.iers
IERS_A#astropy.utils.iers.iers
IERS_B#astropy.utils.iers.iers
IERS_Auto#astropy.utils.iers.iers
earth_orientation_table#astropy.utils.iers.iers
LeapSeconds#astropy.utils.iers.iers
InfoAttribute#astropy.utils.data_info
ParentAttribute#astropy.utils.data_info
DataInfoMeta#astropy.utils.data_info
DataInfo#astropy.utils.data_info
BaseColumnInfo#astropy.utils.data_info
MixinInfo#astropy.utils.data_info
ParentDtypeInfo#astropy.utils.data_info
AstropyWarning#astropy.utils.exceptions
AstropyUserWarning#astropy.utils.exceptions
AstropyDeprecationWarning#astropy.utils.exceptions
AstropyPendingDeprecationWarning#astropy.utils.exceptions
AstropyBackwardsIncompatibleChangeWarning#astropy.utils.exceptions
DuplicateRepresentationWarning#astropy.utils.exceptions
_NoValue#astropy.utils.exceptions
HomogeneousList#astropy.utils.collections
XMLWriter#astropy.utils.xml.writer
Masked#astropy.utils.masked.core
MaskedInfoBase#astropy.utils.masked.core
MaskedNDArrayInfo#astropy.utils.masked.core
MaskedArraySubclassInfo#astropy.utils.masked.core
MaskedIterator#astropy.utils.masked.core
MaskedNDArray#astropy.utils.masked.core
MaskedRecarray#astropy.utils.masked.core
MaskedFormat#astropy.utils.masked.function_helpers
ThreadSafeParser#astropy.utils.parsing
MergeConflictError#astropy.utils.metadata
MergeConflictWarning#astropy.utils.metadata
MergeStrategyMeta#astropy.utils.metadata
MergeStrategy#astropy.utils.metadata
MergePlus#astropy.utils.metadata
MergeNpConcatenate#astropy.utils.metadata
_EnableMergeStrategies#astropy.utils.metadata
MetaData#astropy.utils.metadata
MetaAttribute#astropy.utils.metadata
NDArrayShapeMethods#astropy.utils.shapes
ShapedLikeNDArray#astropy.utils.shapes
IncompatibleShapeError#astropy.utils.shapes
_IPython#astropy.utils.console
_mapfunc#astropy.utils.console
ProgressBar#astropy.utils.console
Spinner#astropy.utils.console
ProgressBarOrSpinner#astropy.utils.console
Getch#astropy.utils.console
_GetchUnix#astropy.utils.console
_GetchWindows#astropy.utils.console
_GetchMacCarbon#astropy.utils.console
_DummyFile#astropy.utils.misc
NumpyRNGContext#astropy.utils.misc
JsonCustomEncoder#astropy.utils.misc
OrderedDescriptor#astropy.utils.misc
OrderedDescriptorContainer#astropy.utils.misc
Converter#astropy.io.votable.converters
Char#astropy.io.votable.converters
UnicodeChar#astropy.io.votable.converters
Array#astropy.io.votable.converters
VarArray#astropy.io.votable.converters
ArrayVarArray#astropy.io.votable.converters
ScalarVarArray#astropy.io.votable.converters
NumericArray#astropy.io.votable.converters
Numeric#astropy.io.votable.converters
FloatingPoint#astropy.io.votable.converters
Double#astropy.io.votable.converters
Float#astropy.io.votable.converters
Integer#astropy.io.votable.converters
UnsignedByte#astropy.io.votable.converters
Short#astropy.io.votable.converters
Int#astropy.io.votable.converters
Long#astropy.io.votable.converters
ComplexArrayVarArray#astropy.io.votable.converters
ComplexVarArray#astropy.io.votable.converters
ComplexArray#astropy.io.votable.converters
Complex#astropy.io.votable.converters
FloatComplex#astropy.io.votable.converters
DoubleComplex#astropy.io.votable.converters
BitArray#astropy.io.votable.converters
Bit#astropy.io.votable.converters
BooleanArray#astropy.io.votable.converters
Boolean#astropy.io.votable.converters
VOWarning#astropy.io.votable.exceptions
VOTableChangeWarning#astropy.io.votable.exceptions
VOTableSpecWarning#astropy.io.votable.exceptions
UnimplementedWarning#astropy.io.votable.exceptions
IOWarning#astropy.io.votable.exceptions
VOTableSpecError#astropy.io.votable.exceptions
W01#astropy.io.votable.exceptions
W02#astropy.io.votable.exceptions
W03#astropy.io.votable.exceptions
W04#astropy.io.votable.exceptions
W05#astropy.io.votable.exceptions
W06#astropy.io.votable.exceptions
W07#astropy.io.votable.exceptions
W08#astropy.io.votable.exceptions
W09#astropy.io.votable.exceptions
W10#astropy.io.votable.exceptions
W11#astropy.io.votable.exceptions
W12#astropy.io.votable.exceptions
W13#astropy.io.votable.exceptions
W15#astropy.io.votable.exceptions
W17#astropy.io.votable.exceptions
W18#astropy.io.votable.exceptions
W19#astropy.io.votable.exceptions
W20#astropy.io.votable.exceptions
W21#astropy.io.votable.exceptions
W22#astropy.io.votable.exceptions
W23#astropy.io.votable.exceptions
W24#astropy.io.votable.exceptions
W25#astropy.io.votable.exceptions
W26#astropy.io.votable.exceptions
W27#astropy.io.votable.exceptions
W28#astropy.io.votable.exceptions
W29#astropy.io.votable.exceptions
W30#astropy.io.votable.exceptions
W31#astropy.io.votable.exceptions
W32#astropy.io.votable.exceptions
W33#astropy.io.votable.exceptions
W34#astropy.io.votable.exceptions
W35#astropy.io.votable.exceptions
W36#astropy.io.votable.exceptions
W37#astropy.io.votable.exceptions
W38#astropy.io.votable.exceptions
W39#astropy.io.votable.exceptions
W40#astropy.io.votable.exceptions
W41#astropy.io.votable.exceptions
W42#astropy.io.votable.exceptions
W43#astropy.io.votable.exceptions
W44#astropy.io.votable.exceptions
W45#astropy.io.votable.exceptions
W46#astropy.io.votable.exceptions
W47#astropy.io.votable.exceptions
W48#astropy.io.votable.exceptions
W49#astropy.io.votable.exceptions
W50#astropy.io.votable.exceptions
W51#astropy.io.votable.exceptions
W52#astropy.io.votable.exceptions
W53#astropy.io.votable.exceptions
W54#astropy.io.votable.exceptions
W55#astropy.io.votable.exceptions
E01#astropy.io.votable.exceptions
E02#astropy.io.votable.exceptions
E03#astropy.io.votable.exceptions
E04#astropy.io.votable.exceptions
E05#astropy.io.votable.exceptions
E06#astropy.io.votable.exceptions
E08#astropy.io.votable.exceptions
E09#astropy.io.votable.exceptions
E10#astropy.io.votable.exceptions
E11#astropy.io.votable.exceptions
E12#astropy.io.votable.exceptions
E13#astropy.io.votable.exceptions
E14#astropy.io.votable.exceptions
E15#astropy.io.votable.exceptions
E16#astropy.io.votable.exceptions
E17#astropy.io.votable.exceptions
E18#astropy.io.votable.exceptions
E19#astropy.io.votable.exceptions
E20#astropy.io.votable.exceptions
E21#astropy.io.votable.exceptions
E22#astropy.io.votable.exceptions
E23#astropy.io.votable.exceptions
E24#astropy.io.votable.exceptions
E25#astropy.io.votable.exceptions
UCDWords#astropy.io.votable.ucd
Result#astropy.io.votable.validator.result
_IDProperty#astropy.io.votable.tree
_NameProperty#astropy.io.votable.tree
_XtypeProperty#astropy.io.votable.tree
_UtypeProperty#astropy.io.votable.tree
_UcdProperty#astropy.io.votable.tree
_DescriptionProperty#astropy.io.votable.tree
Element#astropy.io.votable.tree
SimpleElement#astropy.io.votable.tree
SimpleElementWithContent#astropy.io.votable.tree
Link#astropy.io.votable.tree
Info#astropy.io.votable.tree
Values#astropy.io.votable.tree
Field#astropy.io.votable.tree
Param#astropy.io.votable.tree
CooSys#astropy.io.votable.tree
TimeSys#astropy.io.votable.tree
FieldRef#astropy.io.votable.tree
ParamRef#astropy.io.votable.tree
Group#astropy.io.fits.hdu.groups
Resource#astropy.io.votable.tree
VOTableFile#astropy.io.votable.tree
IORegistryError#astropy.io.registry.base
_UnifiedIORegistryBase#astropy.io.registry.base
UnifiedInputRegistry#astropy.io.registry.core
UnifiedOutputRegistry#astropy.io.registry.core
UnifiedIORegistry#astropy.io.registry.core
UnifiedReadWrite#astropy.io.registry.interface
UnifiedReadWriteMethod#astropy.io.registry.interface
Delayed#astropy.io.fits.column
_BaseColumnFormat#astropy.io.fits.column
_ColumnFormat#astropy.io.fits.column
_AsciiColumnFormat#astropy.io.fits.column
_FormatX#astropy.io.fits.column
_FormatP#astropy.io.fits.column
_FormatQ#astropy.io.fits.column
ColumnAttribute#astropy.io.fits.column
ColDefs#astropy.io.fits.column
_AsciiColDefs#astropy.io.fits.column
_VLF#astropy.io.fits.column
FITS_record#astropy.io.fits.fitsrec
FITS_rec#astropy.io.fits.fitsrec
_UnicodeArrayEncodeError#astropy.io.fits.fitsrec
VerifyError#astropy.io.fits.verify
VerifyWarning#astropy.io.fits.verify
_Verify#astropy.io.fits.verify
_ErrList#astropy.io.fits.verify
_BaseDiff#astropy.io.fits.diff
FITSDiff#astropy.io.fits.diff
HDUDiff#astropy.io.fits.diff
HeaderDiff#astropy.io.fits.diff
ImageDataDiff#astropy.io.fits.diff
RawDataDiff#astropy.io.fits.diff
TableDataDiff#astropy.io.fits.diff
ExtensionNotFoundException#astropy.io.fits.scripts.fitsheader
HeaderFormatter#astropy.io.fits.scripts.fitsheader
TableHeaderFormatter#astropy.io.fits.scripts.fitsheader
StoreListAction#astropy.io.fits.scripts.fitsdiff
_File#astropy.io.fits.file
Undefined#astropy.io.fits.card
Card#astropy.io.fits.card
_Delayed#astropy.io.fits.hdu.base
InvalidHDUException#astropy.io.fits.hdu.base
_BaseHDU#astropy.io.fits.hdu.base
_CorruptedHDU#astropy.io.fits.hdu.base
_NonstandardHDU#astropy.io.fits.hdu.base
_ValidHDU#astropy.io.fits.hdu.base
ExtensionHDU#astropy.io.fits.hdu.base
NonstandardExtHDU#astropy.io.fits.hdu.base
_ImageBaseHDU#astropy.io.fits.hdu.image
PrimaryHDU#astropy.io.fits.hdu.image
ImageHDU#astropy.io.fits.hdu.image
_IndexInfo#astropy.io.fits.hdu.image
HDUList#astropy.io.fits.hdu.hdulist
StreamingHDU#astropy.io.fits.hdu.streaming
FITSTableDumpDialect#astropy.io.fits.hdu.table
_TableLikeHDU#astropy.io.fits.hdu.table
_TableBaseHDU#astropy.io.fits.hdu.table
TableHDU#astropy.io.fits.hdu.table
BinTableHDU#astropy.io.fits.hdu.table
FitsHDU#astropy.io.fits.hdu.nonstandard
GroupData#astropy.io.fits.hdu.groups
GroupsHDU#astropy.io.fits.hdu.groups
CompImageHeader#astropy.io.fits.hdu.compressed
CompImageHDU#astropy.io.fits.hdu.compressed
NotifierMixin#astropy.io.fits.util
Header#astropy.io.fits.header
_DelayedHeader#astropy.io.fits.header
_BasicHeaderCards#astropy.io.fits.header
_BasicHeader#astropy.io.fits.header
_CardAccessor#astropy.io.fits.header
_HeaderComments#astropy.io.fits.header
_HeaderCommentaryCards#astropy.io.fits.header
DaophotHeader#astropy.io.ascii.daophot
DaophotData#astropy.io.ascii.daophot
DaophotInputter#astropy.io.ascii.daophot
Daophot#astropy.io.ascii.daophot
SimpleRSTHeader#astropy.io.ascii.rst
SimpleRSTData#astropy.io.ascii.rst
RST#astropy.io.ascii.rst
LatexInputter#astropy.io.ascii.latex
LatexSplitter#astropy.io.ascii.latex
LatexHeader#astropy.io.ascii.latex
LatexData#astropy.io.ascii.latex
AASTexHeaderSplitter#astropy.io.ascii.latex
AASTexHeader#astropy.io.ascii.latex
AASTexData#astropy.io.ascii.latex
AASTex#astropy.io.ascii.latex
FixedWidthSplitter#astropy.io.ascii.fixedwidth
FixedWidthHeaderSplitter#astropy.io.ascii.fixedwidth
FixedWidthHeader#astropy.io.ascii.fixedwidth
FixedWidthData#astropy.io.ascii.fixedwidth
FixedWidth#astropy.io.ascii.fixedwidth
FixedWidthNoHeaderHeader#astropy.io.ascii.fixedwidth
FixedWidthNoHeaderData#astropy.io.ascii.fixedwidth
FixedWidthNoHeader#astropy.io.ascii.fixedwidth
FixedWidthTwoLineHeader#astropy.io.ascii.fixedwidth
FixedWidthTwoLineDataSplitter#astropy.io.ascii.fixedwidth
FixedWidthTwoLineData#astropy.io.ascii.fixedwidth
FixedWidthTwoLine#astropy.io.ascii.fixedwidth
SExtractorHeader#astropy.io.ascii.sextractor
SExtractorData#astropy.io.ascii.sextractor
SExtractor#astropy.io.ascii.sextractor
MrtSplitter#astropy.io.ascii.mrt
MrtHeader#astropy.io.ascii.mrt
MrtData#astropy.io.ascii.mrt
Mrt#astropy.io.ascii.mrt
BasicHeader#astropy.io.ascii.basic
BasicData#astropy.io.ascii.basic
Basic#astropy.io.ascii.basic
NoHeaderHeader#astropy.io.ascii.basic
NoHeaderData#astropy.io.ascii.basic
NoHeader#astropy.io.ascii.basic
CommentedHeaderHeader#astropy.io.ascii.basic
CommentedHeader#astropy.io.ascii.basic
TabHeaderSplitter#astropy.io.ascii.basic
TabDataSplitter#astropy.io.ascii.basic
TabHeader#astropy.io.ascii.basic
TabData#astropy.io.ascii.basic
Tab#astropy.io.ascii.basic
CsvSplitter#astropy.io.ascii.basic
CsvHeader#astropy.io.ascii.basic
CsvData#astropy.io.ascii.basic
Csv#astropy.io.ascii.basic
RdbHeader#astropy.io.ascii.basic
RdbData#astropy.io.ascii.basic
Rdb#astropy.io.ascii.basic
CdsHeader#astropy.io.ascii.cds
CdsData#astropy.io.ascii.cds
Cds#astropy.io.ascii.cds
CsvWriter#astropy.io.ascii.core
MaskedConstant#astropy.io.ascii.core
InconsistentTableError#astropy.io.ascii.core
OptionalTableImportError#astropy.io.ascii.core
FastOptionsError#astropy.io.ascii.core
NoType#astropy.io.ascii.core
StrType#astropy.io.ascii.core
NumType#astropy.io.ascii.core
FloatType#astropy.io.ascii.core
BoolType#astropy.io.ascii.core
IntType#astropy.io.ascii.core
AllType#astropy.io.ascii.core
BaseInputter#astropy.io.ascii.core
BaseSplitter#astropy.io.ascii.core
DefaultSplitter#astropy.io.ascii.core
BaseHeader#astropy.io.ascii.core
BaseData#astropy.io.ascii.core
BaseOutputter#astropy.io.ascii.core
TableOutputter#astropy.io.ascii.core
MetaBaseReader#astropy.io.ascii.core
BaseReader#astropy.io.ascii.core
ContinuationLinesInputter#astropy.io.ascii.core
WhitespaceSplitter#astropy.io.ascii.core
SoupString#astropy.io.ascii.html
ListWriter#astropy.io.ascii.html
HTMLInputter#astropy.io.ascii.html
HTMLSplitter#astropy.io.ascii.html
HTMLOutputter#astropy.io.ascii.html
HTMLHeader#astropy.io.ascii.html
HTMLData#astropy.io.ascii.html
HTML#astropy.io.ascii.html
FastBasic#astropy.io.ascii.fastbasic
FastCsv#astropy.io.ascii.fastbasic
FastTab#astropy.io.ascii.fastbasic
FastNoHeader#astropy.io.ascii.fastbasic
FastCommentedHeader#astropy.io.ascii.fastbasic
FastRdb#astropy.io.ascii.fastbasic
InvalidEcsvDatatypeWarning#astropy.io.ascii.ecsv
EcsvHeader#astropy.io.ascii.ecsv
EcsvOutputter#astropy.io.ascii.ecsv
EcsvData#astropy.io.ascii.ecsv
Ecsv#astropy.io.ascii.ecsv
QDPSplitter#astropy.io.ascii.qdp
QDPHeader#astropy.io.ascii.qdp
QDPData#astropy.io.ascii.qdp
QDP#astropy.io.ascii.qdp
IpacFormatErrorDBMS#astropy.io.ascii.ipac
IpacFormatError#astropy.io.ascii.ipac
IpacHeaderSplitter#astropy.io.ascii.ipac
IpacHeader#astropy.io.ascii.ipac
IpacDataSplitter#astropy.io.ascii.ipac
IpacData#astropy.io.ascii.ipac
Ipac#astropy.io.ascii.ipac
AstropyLoader#astropy.io.misc.yaml
AstropyDumper#astropy.io.misc.yaml
custom_wcs_to_frame_mappings#astropy.wcs.utils
custom_frame_to_wcs_mappings#astropy.wcs.utils
NoConvergence#astropy.wcs.wcs
FITSFixedWarning#astropy.wcs.wcs
WCS#astropy.wcs.wcs
custom_ctype_to_ucd_mapping#astropy.wcs.wcsapi.fitswcs
SlicedFITSWCS#astropy.wcs.wcsapi.fitswcs
FITSWCSAPIMixin#astropy.wcs.wcsapi.fitswcs
BaseHighLevelWCS#astropy.wcs.wcsapi.high_level_api
HighLevelWCSMixin#astropy.wcs.wcsapi.high_level_api
HighLevelWCSWrapper#astropy.wcs.wcsapi.high_level_wcs_wrapper
BaseLowLevelWCS#astropy.wcs.wcsapi.low_level_api
Spectral1DLowLevelWCS#astropy.wcs.wcsapi.conftest
Celestial2DLowLevelWCS#astropy.wcs.wcsapi.conftest
BaseWCSWrapper#astropy.wcs.wcsapi.wrappers.base
SlicedLowLevelWCS#astropy.wcs.wcsapi.wrappers.sliced_wcs
IAU2015#astropy.constants.iau2015
CODATA2018#astropy.constants.codata2018
EMCODATA2018#astropy.constants.codata2018
ConstantMeta#astropy.constants.constant
Constant#astropy.constants.constant
EMConstant#astropy.constants.constant
CODATA2010#astropy.constants.codata2010
EMCODATA2010#astropy.constants.codata2010
CODATA2014#astropy.constants.codata2014
EMCODATA2014#astropy.constants.codata2014
IAU2012#astropy.constants.iau2012
_SetTempPath#astropy.config.paths
set_temp_config#astropy.config.paths
set_temp_cache#astropy.config.paths
InvalidConfigurationItemWarning#astropy.config.configuration
ConfigurationMissingWarning#astropy.config.configuration
ConfigurationDefaultMissingError#astropy.config.configuration
ConfigurationDefaultMissingWarning#astropy.config.configuration
ConfigurationChangedWarning#astropy.config.configuration
_ConfigNamespaceMeta#astropy.config.configuration
ConfigNamespace#astropy.config.configuration
ConfigItem#astropy.config.configuration
BaseRepresentationOrDifferentialInfo#astropy.coordinates.representation
BaseRepresentationOrDifferential#astropy.coordinates.representation
RepresentationInfo#astropy.coordinates.representation
BaseRepresentation#astropy.coordinates.representation
_AngleParser#astropy.coordinates.angle_formats
EarthLocationInfo#astropy.coordinates.earth
EarthLocation#astropy.coordinates.earth
BaseGeodeticRepresentation#astropy.coordinates.earth
WGS84GeodeticRepresentation#astropy.coordinates.earth
WGS72GeodeticRepresentation#astropy.coordinates.earth
GRS80GeodeticRepresentation#astropy.coordinates.earth
RangeError#astropy.coordinates.errors
BoundsError#astropy.coordinates.errors
IllegalHourError#astropy.coordinates.errors
IllegalHourWarning#astropy.coordinates.errors
IllegalMinuteError#astropy.coordinates.errors
IllegalMinuteWarning#astropy.coordinates.errors
IllegalSecondError#astropy.coordinates.errors
IllegalSecondWarning#astropy.coordinates.errors
ConvertError#astropy.coordinates.errors
UnknownSiteException#astropy.coordinates.errors
SpectralQuantity#astropy.coordinates.spectral_quantity
ICRS#astropy.coordinates.builtin_frames.icrs
HADec#astropy.coordinates.builtin_frames.hadec
SkyOffsetFrame#astropy.coordinates.builtin_frames.skyoffset
Supergalactic#astropy.coordinates.builtin_frames.supergalactic
_StateProxy#astropy.coordinates.builtin_frames.galactocentric
galactocentric_frame_defaults#astropy.coordinates.builtin_frames.galactocentric
Galactocentric#astropy.coordinates.builtin_frames.galactocentric
BaseEclipticFrame#astropy.coordinates.builtin_frames.ecliptic
GeocentricMeanEcliptic#astropy.coordinates.builtin_frames.ecliptic
GeocentricTrueEcliptic#astropy.coordinates.builtin_frames.ecliptic
BarycentricMeanEcliptic#astropy.coordinates.builtin_frames.ecliptic
BarycentricTrueEcliptic#astropy.coordinates.builtin_frames.ecliptic
HeliocentricMeanEcliptic#astropy.coordinates.builtin_frames.ecliptic
HeliocentricTrueEcliptic#astropy.coordinates.builtin_frames.ecliptic
HeliocentricEclipticIAU76#astropy.coordinates.builtin_frames.ecliptic
CustomBarycentricEcliptic#astropy.coordinates.builtin_frames.ecliptic
HCRS#astropy.coordinates.builtin_frames.hcrs
FK5#astropy.coordinates.builtin_frames.fk5
CIRS#astropy.coordinates.builtin_frames.cirs
LSR#astropy.coordinates.builtin_frames.lsr
GalacticLSR#astropy.coordinates.builtin_frames.lsr
LSRK#astropy.coordinates.builtin_frames.lsr
LSRD#astropy.coordinates.builtin_frames.lsr
FK4#astropy.coordinates.builtin_frames.fk4
FK4NoETerms#astropy.coordinates.builtin_frames.fk4
BaseRADecFrame#astropy.coordinates.builtin_frames.baseradec
ITRS#astropy.coordinates.builtin_frames.itrs
Galactic#astropy.coordinates.builtin_frames.galactic
GCRS#astropy.coordinates.builtin_frames.gcrs
PrecessedGeocentric#astropy.coordinates.builtin_frames.gcrs
TETE#astropy.coordinates.builtin_frames.equatorial
TEME#astropy.coordinates.builtin_frames.equatorial
AltAz#astropy.coordinates.builtin_frames.altaz
sesame_url#astropy.coordinates.name_resolve
sesame_database#astropy.coordinates.name_resolve
NameResolveError#astropy.coordinates.name_resolve
SiteRegistry#astropy.coordinates.sites
NoVelocityWarning#astropy.coordinates.spectral_coordinate
NoDistanceWarning#astropy.coordinates.spectral_coordinate
SpectralCoord#astropy.coordinates.spectral_coordinate
solar_system_ephemeris#astropy.coordinates.solar_system
Angle#astropy.coordinates.angles
Latitude#astropy.coordinates.angles
LongitudeInfo#astropy.coordinates.angles
Longitude#astropy.coordinates.angles
HumanError#astropy.coordinates.calculation
CelestialError#astropy.coordinates.calculation
ErfaAstrom#astropy.coordinates.erfa_astrom
ErfaAstromInterpolator#astropy.coordinates.erfa_astrom
erfa_astrom#astropy.coordinates.erfa_astrom
TransformGraph#astropy.coordinates.transformations
CoordinateTransform#astropy.visualization.wcsaxes.transforms
FunctionTransform#astropy.coordinates.transformations
FunctionTransformWithFiniteDifference#astropy.coordinates.transformations
BaseAffineTransform#astropy.coordinates.transformations
AffineTransform#astropy.coordinates.transformations
StaticMatrixTransform#astropy.coordinates.transformations
DynamicMatrixTransform#astropy.coordinates.transformations
CompositeTransform#astropy.visualization.transform
RepresentationMapping#astropy.coordinates.baseframe
BaseCoordinateFrame#astropy.coordinates.baseframe
GenericFrame#astropy.coordinates.baseframe
Attribute#astropy.coordinates.attributes
TimeAttribute#astropy.coordinates.attributes
CartesianRepresentationAttribute#astropy.coordinates.attributes
QuantityAttribute#astropy.coordinates.attributes
EarthLocationAttribute#astropy.coordinates.attributes
CoordinateAttribute#astropy.coordinates.attributes
DifferentialAttribute#astropy.coordinates.attributes
Distance#astropy.coordinates.distances
SkyCoordInfo#astropy.coordinates.sky_coordinate
SkyCoord#astropy.coordinates.sky_coordinate
BinnedTimeSeries#astropy.timeseries.binned
BasePeriodogram#astropy.timeseries.periodograms.base
TimeSeries#astropy.timeseries.sampled
BaseTimeSeries#astropy.timeseries.core
Normalize#astropy.visualization.mpl_normalize
ImageNormalize#astropy.visualization.mpl_normalize
WCSWorld2PixelTransform#astropy.visualization.wcsaxes.wcsapi
WCSPixel2WorldTransform#astropy.visualization.wcsaxes.wcsapi
CoordinatesMap#astropy.visualization.wcsaxes.coordinates_map
Spine#astropy.visualization.wcsaxes.frame
SpineXAligned#astropy.visualization.wcsaxes.frame
BaseFrame#astropy.visualization.wcsaxes.frame
RectangularFrame1D#astropy.visualization.wcsaxes.frame
RectangularFrame#astropy.visualization.wcsaxes.frame
EllipticalFrame#astropy.visualization.wcsaxes.frame
SphericalCircle#astropy.visualization.wcsaxes.patches
Quadrangle#astropy.visualization.wcsaxes.patches
TickLabels#astropy.visualization.wcsaxes.ticklabels
AxisLabels#astropy.visualization.wcsaxes.axislabels
_WCSAxesArtist#astropy.visualization.wcsaxes.core
WCSAxes#astropy.visualization.wcsaxes.core
WCSAxesSubplot#astropy.visualization.wcsaxes.core
Ticks#astropy.visualization.wcsaxes.ticks
BaseFormatterLocator#astropy.visualization.wcsaxes.formatter_locator
AngleFormatterLocator#astropy.visualization.wcsaxes.formatter_locator
ScalarFormatterLocator#astropy.visualization.wcsaxes.formatter_locator
CurvedTransform#astropy.visualization.wcsaxes.transforms
World2PixelTransform#astropy.visualization.wcsaxes.transforms
Pixel2WorldTransform#astropy.visualization.wcsaxes.transforms
CoordinateHelper#astropy.visualization.wcsaxes.coordinate_helpers
BaseTransform#astropy.visualization.transform
LinearMapping#astropy.visualization.lupton_rgb
AsinhMapping#astropy.visualization.lupton_rgb
AsinhZScaleMapping#astropy.visualization.lupton_rgb
BaseInterval#astropy.visualization.interval
ManualInterval#astropy.visualization.interval
MinMaxInterval#astropy.visualization.interval
AsymmetricPercentileInterval#astropy.visualization.interval
PercentileInterval#astropy.visualization.interval
ZScaleInterval#astropy.visualization.interval
BaseStretch#astropy.visualization.stretch
LinearStretch#astropy.visualization.stretch
SqrtStretch#astropy.visualization.stretch
PowerStretch#astropy.visualization.stretch
PowerDistStretch#astropy.visualization.stretch
InvertedPowerDistStretch#astropy.visualization.stretch
SquaredStretch#astropy.visualization.stretch
LogStretch#astropy.visualization.stretch
InvertedLogStretch#astropy.visualization.stretch
AsinhStretch#astropy.visualization.stretch
SinhStretch#astropy.visualization.stretch
HistEqStretch#astropy.visualization.stretch
InvertedHistEqStretch#astropy.visualization.stretch
ContrastBiasStretch#astropy.visualization.stretch
InvertedContrastBiasStretch#astropy.visualization.stretch
CompositeStretch#astropy.visualization.stretch
