__getattr__#matplotlib.cbook
ExecutableNotFoundError#matplotlib
RcParams#matplotlib
_ColorMapping#matplotlib.colors
ColorSequenceRegistry#matplotlib.colors
ColorConverter#matplotlib.colors
Colormap#matplotlib.colors
LinearSegmentedColormap#matplotlib.colors
ListedColormap#matplotlib.colors
Normalize#matplotlib.colors
TwoSlopeNorm#matplotlib.colors
CenteredNorm#matplotlib.colors
FuncNorm#matplotlib.colors
SymLogNorm#matplotlib.colors
AsinhNorm#matplotlib.colors
PowerNorm#matplotlib.colors
BoundaryNorm#matplotlib.colors
NoNorm#matplotlib.colors
LightSource#matplotlib.colors
StreamplotSet#matplotlib.streamplot
DomainMap#matplotlib.streamplot
Grid#matplotlib.streamplot
StreamMask#matplotlib.streamplot
InvalidIndexError#matplotlib.streamplot
TerminateTrajectory#matplotlib.streamplot
OutOfBounds#matplotlib.streamplot
AbstractPathEffect#matplotlib.patheffects
PathEffectRenderer#matplotlib.patheffects
Normal#matplotlib.patheffects
Stroke#matplotlib.patheffects
SimplePatchShadow#matplotlib.patheffects
SimpleLineShadow#matplotlib.patheffects
PathPatchEffect#matplotlib.patheffects
TickedStroke#matplotlib.patheffects
Sankey#matplotlib.sankey
StrCategoryConverter#matplotlib.category
StrCategoryLocator#matplotlib.category
StrCategoryFormatter#matplotlib.category
UnitData#matplotlib.category
ScaleBase#matplotlib.scale
LinearScale#matplotlib.scale
FuncTransform#matplotlib.scale
FuncScale#matplotlib.scale
LogTransform#matplotlib.scale
InvertedLogTransform#matplotlib.scale
LogScale#matplotlib.scale
FuncScaleLog#matplotlib.scale
SymmetricalLogTransform#matplotlib.scale
InvertedSymmetricalLogTransform#matplotlib.scale
SymmetricalLogScale#matplotlib.scale
AsinhTransform#matplotlib.scale
InvertedAsinhTransform#matplotlib.scale
AsinhScale#matplotlib.scale
LogitTransform#matplotlib.scale
LogisticTransform#matplotlib.scale
LogitScale#matplotlib.scale
_ImageBase#matplotlib.image
AxesImage#matplotlib.image
NonUniformImage#matplotlib.image
PcolorImage#matplotlib.image
FigureImage#matplotlib.image
BboxImage#matplotlib.image
ClabelText#matplotlib.contour
ContourLabeler#matplotlib.contour
ContourSet#matplotlib.contour
QuadContourSet#matplotlib.contour
LayoutGrid#matplotlib._layoutgrid
Path#matplotlib.path
Substitution#matplotlib._docstring
_ArtistKwdocLoader#matplotlib._docstring
_ArtistPropertiesSubstitution#matplotlib._docstring
_DummyAxis#matplotlib.ticker
TickHelper#matplotlib.ticker
Formatter#matplotlib.ticker
NullFormatter#matplotlib.ticker
FixedFormatter#matplotlib.ticker
FuncFormatter#matplotlib.ticker
FormatStrFormatter#matplotlib.ticker
StrMethodFormatter#matplotlib.ticker
ScalarFormatter#matplotlib.ticker
LogFormatter#matplotlib.ticker
LogFormatterExponent#matplotlib.ticker
LogFormatterMathtext#matplotlib.ticker
LogFormatterSciNotation#matplotlib.ticker
LogitFormatter#matplotlib.ticker
EngFormatter#matplotlib.ticker
PercentFormatter#matplotlib.ticker
Locator#matplotlib.ticker
IndexLocator#matplotlib.ticker
FixedLocator#matplotlib.ticker
NullLocator#matplotlib.ticker
LinearLocator#matplotlib.ticker
MultipleLocator#matplotlib.ticker
_Edge_integer#matplotlib.ticker
MaxNLocator#matplotlib.ticker
LogLocator#matplotlib.ticker
SymmetricalLogLocator#matplotlib.ticker
AsinhLocator#matplotlib.ticker
LogitLocator#matplotlib.ticker
AutoLocator#matplotlib.ticker
AutoMinorLocator#matplotlib.ticker
ValidateInStrings#matplotlib.rcsetup
_DunderChecker#matplotlib.rcsetup
_ignorecase#matplotlib.rcsetup
_Token#matplotlib._type1font
_NameToken#matplotlib._type1font
_BooleanToken#matplotlib._type1font
_KeywordToken#matplotlib._type1font
_DelimiterToken#matplotlib._type1font
_WhitespaceToken#matplotlib._type1font
_StringToken#matplotlib._type1font
_BinaryToken#matplotlib._type1font
_NumberToken#matplotlib._type1font
_BalancedExpression#matplotlib._type1font
Type1Font#matplotlib._type1font
Cell#matplotlib.table
Table#matplotlib.table
DateFormatter#matplotlib.dates
ConciseDateFormatter#matplotlib.dates
AutoDateFormatter#matplotlib.dates
rrulewrapper#matplotlib.dates
DateLocator#matplotlib.dates
RRuleLocator#matplotlib.dates
AutoDateLocator#matplotlib.dates
YearLocator#matplotlib.dates
MonthLocator#matplotlib.dates
WeekdayLocator#matplotlib.dates
DayLocator#matplotlib.dates
HourLocator#matplotlib.dates
MinuteLocator#matplotlib.dates
SecondLocator#matplotlib.dates
MicrosecondLocator#matplotlib.dates
DateConverter#matplotlib.dates
ConciseDateConverter#matplotlib.dates
_SwitchableDateConverter#matplotlib.dates
Gcf#matplotlib._pylab_helpers
LayoutEngine#matplotlib.layout_engine
PlaceHolderLayoutEngine#matplotlib.layout_engine
TightLayoutEngine#matplotlib.layout_engine
ConstrainedLayoutEngine#matplotlib.layout_engine
GaussianKDE#matplotlib.mlab
MarkerStyle#matplotlib.markers
Text#matplotlib.dviread
OffsetFrom#matplotlib.text
_AnnotationBase#matplotlib.text
Annotation#matplotlib.text
Spine#matplotlib.spines
SpinesProxy#matplotlib.spines
Spines#matplotlib.spines
Collection#matplotlib.collections
_CollectionWithSizes#matplotlib.collections
PathCollection#matplotlib.collections
PolyCollection#matplotlib.collections
BrokenBarHCollection#matplotlib.collections
RegularPolyCollection#matplotlib.collections
StarPolygonCollection#matplotlib.collections
AsteriskPolygonCollection#matplotlib.collections
LineCollection#matplotlib.collections
EventCollection#matplotlib.collections
CircleCollection#matplotlib.collections
EllipseCollection#matplotlib.collections
PatchCollection#matplotlib.collections
TriMesh#matplotlib.collections
QuadMesh#matplotlib.collections
Patch#matplotlib.patches
Shadow#matplotlib.patches
Rectangle#matplotlib.patches
RegularPolygon#matplotlib.patches
PathPatch#matplotlib.patches
StepPatch#matplotlib.patches
Polygon#matplotlib.patches
Wedge#matplotlib.patches
Arrow#matplotlib.patches
FancyArrow#matplotlib.patches
CirclePolygon#matplotlib.patches
Ellipse#matplotlib.patches
Annulus#matplotlib.patches
Circle#matplotlib.patches
Arc#matplotlib.patches
_Style#matplotlib.patches
BoxStyle#matplotlib.patches
ConnectionStyle#matplotlib.patches
ArrowStyle#matplotlib.patches
FancyBboxPatch#matplotlib.patches
FancyArrowPatch#matplotlib.patches
ConnectionPatch#matplotlib.patches
TexManager#matplotlib.texmanager
CleanupTestCase#matplotlib.testing.decorators
_ImageComparisonBase#matplotlib.testing.decorators
_ConverterError#matplotlib.testing.compare
_Converter#matplotlib.testing.compare
_GSConverter#matplotlib.testing.compare
_SVGConverter#matplotlib.testing.compare
_SVGWithMatplotlibFontsConverter#matplotlib.testing.compare
ImageComparisonFailure#matplotlib.testing.exceptions
StrConverter#matplotlib.testing.jpl_units.StrConverter
Epoch#matplotlib.testing.jpl_units.Epoch
UnitDblConverter#matplotlib.testing.jpl_units.UnitDblConverter
Duration#matplotlib.testing.jpl_units.Duration
EpochConverter#matplotlib.testing.jpl_units.EpochConverter
UnitDbl#matplotlib.testing.jpl_units.UnitDbl
UnitDblFormatter#matplotlib.testing.jpl_units.UnitDblFormatter
Cursors#matplotlib.backend_tools
ToolBase#matplotlib.backend_tools
ToolToggleBase#matplotlib.backend_tools
SetCursorBase#matplotlib.backend_tools
ToolCursorPosition#matplotlib.backend_tools
RubberbandBase#matplotlib.backend_tools
ToolQuit#matplotlib.backend_tools
ToolQuitAll#matplotlib.backend_tools
ToolGrid#matplotlib.backend_tools
ToolMinorGrid#matplotlib.backend_tools
ToolFullScreen#matplotlib.backend_tools
AxisScaleBase#matplotlib.backend_tools
ToolYScale#matplotlib.backend_tools
ToolXScale#matplotlib.backend_tools
ToolViewsPositions#matplotlib.backend_tools
ViewsPositionsBase#matplotlib.backend_tools
ToolHome#matplotlib.backend_tools
ToolBack#matplotlib.backend_tools
ToolForward#matplotlib.backend_tools
ConfigureSubplotsBase#matplotlib.backend_tools
SaveFigureBase#matplotlib.backend_tools
ZoomPanBase#matplotlib.backend_tools
ToolZoom#matplotlib.backend_tools
ToolPan#matplotlib.backend_tools
ToolHelpBase#matplotlib.backend_tools
ToolCopyToClipboardBase#matplotlib.backend_tools
_Unset#matplotlib.artist
Artist#matplotlib.artist
ArtistInspector#matplotlib.artist
MovieWriterRegistry#matplotlib.animation
AbstractMovieWriter#matplotlib.animation
MovieWriter#matplotlib.animation
FileMovieWriter#matplotlib.animation
PillowWriter#matplotlib.animation
FFMpegBase#matplotlib.animation
FFMpegWriter#matplotlib.animation
FFMpegFileWriter#matplotlib.animation
ImageMagickBase#matplotlib.animation
ImageMagickWriter#matplotlib.animation
ImageMagickFileWriter#matplotlib.animation
HTMLWriter#matplotlib.animation
Animation#matplotlib.animation
TimedAnimation#matplotlib.animation
ArtistAnimation#matplotlib.animation
FuncAnimation#matplotlib.animation
Dvi#matplotlib.dviread
DviFont#matplotlib.dviread
Vf#matplotlib.dviread
Tfm#matplotlib.dviread
PsfontsMap#matplotlib.dviread
_LuatexKpsewhich#matplotlib.dviread
BlockingInput#matplotlib.blocking_input
BlockingMouseInput#matplotlib.blocking_input
BlockingContourLabeler#matplotlib.blocking_input
BlockingKeyMouseInput#matplotlib.blocking_input
LockDraw#matplotlib.widgets
Widget#matplotlib.widgets
AxesWidget#matplotlib.widgets
Button#matplotlib.widgets
SliderBase#matplotlib.widgets
Slider#matplotlib.widgets
RangeSlider#matplotlib.widgets
CheckButtons#matplotlib.widgets
TextBox#matplotlib.widgets
RadioButtons#matplotlib.widgets
SubplotTool#matplotlib.widgets
Cursor#matplotlib.widgets
MultiCursor#matplotlib.widgets
_SelectorWidget#matplotlib.widgets
SpanSelector#matplotlib.widgets
ToolLineHandles#matplotlib.widgets
ToolHandles#matplotlib.widgets
RectangleSelector#matplotlib.widgets
EllipseSelector#matplotlib.widgets
LassoSelector#matplotlib.widgets
PolygonSelector#matplotlib.widgets
Lasso#matplotlib.widgets
Line2D#matplotlib.lines
_AxLine#matplotlib.lines
VertexSelector#matplotlib.lines
GridSpecBase#matplotlib.gridspec
GridSpec#matplotlib.gridspec
GridSpecFromSubplotSpec#matplotlib.gridspec
SubplotSpec#matplotlib.gridspec
Container#matplotlib.container
BarContainer#matplotlib.container
ErrorbarContainer#matplotlib.container
StemContainer#matplotlib.container
ProjectionRegistry#matplotlib.projections
PolarTransform#matplotlib.projections.polar
PolarAffine#matplotlib.projections.polar
InvertedPolarTransform#matplotlib.projections.polar
ThetaFormatter#matplotlib.projections.polar
_AxisWrapper#matplotlib.projections.polar
ThetaLocator#matplotlib.projections.polar
ThetaTick#matplotlib.projections.polar
ThetaAxis#matplotlib.projections.polar
RadialLocator#matplotlib.projections.polar
_ThetaShift#matplotlib.projections.polar
RadialTick#matplotlib.projections.polar
RadialAxis#matplotlib.projections.polar
_WedgeBbox#matplotlib.projections.polar
PolarAxes#matplotlib.projections.polar
GeoAxes#matplotlib.projections.geo
_GeoTransform#matplotlib.projections.geo
AitoffAxes#matplotlib.projections.geo
HammerAxes#matplotlib.projections.geo
MollweideAxes#matplotlib.projections.geo
LambertAxes#matplotlib.projections.geo
OffsetBox#matplotlib.offsetbox
PackerBase#matplotlib.offsetbox
VPacker#matplotlib.offsetbox
HPacker#matplotlib.offsetbox
PaddedBox#matplotlib.offsetbox
DrawingArea#matplotlib.offsetbox
TextArea#matplotlib.offsetbox
AuxTransformBox#matplotlib.offsetbox
AnchoredOffsetbox#matplotlib.offsetbox
AnchoredText#matplotlib.offsetbox
OffsetImage#matplotlib.offsetbox
AnnotationBbox#matplotlib.offsetbox
DraggableBase#matplotlib.offsetbox
DraggableOffsetBox#matplotlib.offsetbox
DraggableAnnotation#matplotlib.offsetbox
_AutoStringNameEnum#matplotlib._enums
JoinStyle#matplotlib._enums
CapStyle#matplotlib._enums
_StyleLibrary#matplotlib.style.core
Output#matplotlib._mathtext
Fonts#matplotlib._mathtext
TruetypeFonts#matplotlib._mathtext
BakomaFonts#matplotlib._mathtext
UnicodeFonts#matplotlib._mathtext
DejaVuFonts#matplotlib._mathtext
DejaVuSerifFonts#matplotlib._mathtext
DejaVuSansFonts#matplotlib._mathtext
StixFonts#matplotlib._mathtext
StixSansFonts#matplotlib._mathtext
FontConstantsBase#matplotlib._mathtext
ComputerModernFontConstants#matplotlib._mathtext
STIXFontConstants#matplotlib._mathtext
STIXSansFontConstants#matplotlib._mathtext
DejaVuSerifFontConstants#matplotlib._mathtext
DejaVuSansFontConstants#matplotlib._mathtext
Node#matplotlib._mathtext
Box#matplotlib._mathtext
Vbox#matplotlib._mathtext
Hbox#matplotlib._mathtext
Char#matplotlib._mathtext
Accent#matplotlib._mathtext
List#matplotlib._mathtext
Hlist#matplotlib._mathtext
Vlist#matplotlib._mathtext
Rule#matplotlib._mathtext
Hrule#matplotlib._mathtext
Vrule#matplotlib._mathtext
Glue#matplotlib._mathtext
HCentered#matplotlib._mathtext
VCentered#matplotlib._mathtext
Kern#matplotlib._mathtext
AutoHeightChar#matplotlib._mathtext
AutoWidthChar#matplotlib._mathtext
ParserState#matplotlib._mathtext
Parser#matplotlib._mathtext
_AxesStack#matplotlib.figure
SubplotParams#matplotlib.figure
FigureBase#matplotlib.figure
SubFigure#matplotlib.figure
Figure#matplotlib.figure
classproperty#matplotlib._api
MatplotlibDeprecationWarning#matplotlib._api.deprecation
deprecate_privatize_attribute#matplotlib._api.deprecation
_deprecated_parameter_class#matplotlib._api.deprecation
DraggableLegend#matplotlib.legend
Legend#matplotlib.legend
ColormapRegistry#matplotlib.cm
ScalarMappable#matplotlib.cm
AFM#matplotlib._afm
NonIntersectingPathException#matplotlib.bezier
BezierSegment#matplotlib.bezier
FontProperties#matplotlib.font_manager
_JSONEncoder#matplotlib.font_manager
FontManager#matplotlib.font_manager
FontconfigPatternParser#matplotlib._fontconfig_pattern
RendererAgg#matplotlib.backends.backend_agg
FigureCanvasAgg#matplotlib.backends.backend_agg
_BackendAgg#matplotlib.backends.backend_agg
FigureCanvasQTAgg#matplotlib.backends.backend_qtagg
_BackendQTAgg#matplotlib.backends.backend_qtagg
PsBackendHelper#matplotlib.backends.backend_ps
RendererPS#matplotlib.backends.backend_ps
_Orientation#matplotlib.backends.backend_ps
FigureCanvasPS#matplotlib.backends.backend_ps
_BackendPS#matplotlib.backends.backend_ps
ServerThread#matplotlib.backends.backend_webagg
FigureManagerWebAgg#matplotlib.backends.backend_webagg_core
FigureCanvasWebAgg#matplotlib.backends.backend_webagg
WebAggApplication#matplotlib.backends.backend_webagg
_BackendWebAgg#matplotlib.backends.backend_webagg
CharacterTracker#matplotlib.backends._backend_pdf_ps
RendererPDFPSBase#matplotlib.backends._backend_pdf_ps
XMLWriter#matplotlib.backends.backend_svg
RendererSVG#matplotlib.backends.backend_svg
FigureCanvasSVG#matplotlib.backends.backend_svg
_BackendSVG#matplotlib.backends.backend_svg
TimerTornado#matplotlib.backends.backend_webagg_core
TimerAsyncio#matplotlib.backends.backend_webagg_core
FigureCanvasWebAggCore#matplotlib.backends.backend_webagg_core
NavigationToolbar2WebAgg#matplotlib.backends.backend_webagg_core
_BackendWebAggCoreAgg#matplotlib.backends.backend_webagg_core
NavigationIPy#matplotlib.backends.backend_nbagg
FigureManagerNbAgg#matplotlib.backends.backend_nbagg
FigureCanvasNbAgg#matplotlib.backends.backend_nbagg
CommSocket#matplotlib.backends.backend_nbagg
_BackendNbAgg#matplotlib.backends.backend_nbagg
ColorButton#matplotlib.backends.qt_editor._formlayout
ColorLayout#matplotlib.backends.qt_editor._formlayout
FontLayout#matplotlib.backends.qt_editor._formlayout
FormWidget#matplotlib.backends.qt_editor._formlayout
FormComboWidget#matplotlib.backends.qt_editor._formlayout
FormTabWidget#matplotlib.backends.qt_editor._formlayout
FormDialog#matplotlib.backends.qt_editor._formlayout
TimerMac#matplotlib.backends.backend_macosx
FigureCanvasMac#matplotlib.backends.backend_macosx
NavigationToolbar2Mac#matplotlib.backends.backend_macosx
FigureManagerMac#matplotlib.backends.backend_macosx
_BackendMac#matplotlib.backends.backend_macosx
MixedModeRenderer#matplotlib.backends.backend_mixed
LatexError#matplotlib.backends.backend_pgf
LatexManager#matplotlib.backends.backend_pgf
RendererPgf#matplotlib.backends.backend_pgf
FigureCanvasPgf#matplotlib.backends.backend_pgf
_BackendPgf#matplotlib.backends.backend_pgf
PdfPages#matplotlib.backends.backend_pdf
Reference#matplotlib.backends.backend_pdf
Name#matplotlib.backends.backend_pdf
Operator#matplotlib.backends.backend_pdf
Verbatim#matplotlib.backends.backend_pdf
Op#matplotlib.backends.backend_pdf
Stream#matplotlib.backends.backend_pdf
PdfFile#matplotlib.backends.backend_pdf
RendererPdf#matplotlib.backends.backend_pdf
GraphicsContextPdf#matplotlib.backends.backend_pdf
FigureCanvasPdf#matplotlib.backends.backend_pdf
_BackendPdf#matplotlib.backends.backend_pdf
_BackendQT5#matplotlib.backends.backend_qt5
_BackendQT5Agg#matplotlib.backends.backend_qt5agg
TimerQT#matplotlib.backends.backend_qt
FigureCanvasQT#matplotlib.backends.backend_qt
MainWindow#matplotlib.backends.backend_qt
FigureManagerQT#matplotlib.backends.backend_qt
NavigationToolbar2QT#matplotlib.backends.backend_qt
SubplotToolQt#matplotlib.backends.backend_qt
ToolbarQt#matplotlib.backends.backend_qt
ConfigureSubplotsQt#matplotlib.backends.backend_qt
SaveFigureQt#matplotlib.backends.backend_qt
SetCursorQt#matplotlib.backends.backend_qt
RubberbandQt#matplotlib.backends.backend_qt
HelpQt#matplotlib.backends.backend_qt
ToolCopyToClipboardQT#matplotlib.backends.backend_qt
_BackendQT#matplotlib.backends.backend_qt
RendererTemplate#matplotlib.backends.backend_template
GraphicsContextTemplate#matplotlib.backends.backend_template
FigureManagerTemplate#matplotlib.backends.backend_template
FigureCanvasTemplate#matplotlib.backends.backend_template
MathtextBackend#matplotlib.mathtext
MathtextBackendAgg#matplotlib.mathtext
MathtextBackendPath#matplotlib.mathtext
MathTextWarning#matplotlib.mathtext
MathTextParser#matplotlib.mathtext
ToolEvent#matplotlib.backend_managers
ToolTriggerEvent#matplotlib.backend_managers
ToolManagerMessageEvent#matplotlib.backend_managers
ToolManager#matplotlib.backend_managers
_StrongRef#matplotlib.cbook
CallbackRegistry#matplotlib.cbook
silent_list#matplotlib.cbook
maxdict#matplotlib.cbook
Stack#matplotlib.cbook
Grouper#matplotlib.cbook
GrouperView#matplotlib.cbook
_OrderedSet#matplotlib.cbook
_ColorbarSpine#matplotlib.colorbar
_ColorbarAxesLocator#matplotlib.colorbar
Colorbar#matplotlib.colorbar
PlotDirective#matplotlib.sphinxext.plot_directive
ImageFile#matplotlib.sphinxext.plot_directive
PlotError#matplotlib.sphinxext.plot_directive
latex_math#matplotlib.sphinxext.mathmpl
MathDirective#matplotlib.sphinxext.mathmpl
SecondaryAxis#matplotlib.axes._secondary_axes
SubplotBase#matplotlib.axes._subplots
_axis_method_wrapper#matplotlib.axes._base
_TransformedBoundsLocator#matplotlib.axes._base
_process_plot_var_args#matplotlib.axes._base
_AxesBase#matplotlib.axes._base
Axes#matplotlib.axes._axes
ConversionError#matplotlib.units
AxisInfo#matplotlib.units
ConversionInterface#matplotlib.units
DecimalConverter#matplotlib.units
Registry#matplotlib.units
TriInterpolator#matplotlib.tri.triinterpolate
LinearTriInterpolator#matplotlib.tri.triinterpolate
CubicTriInterpolator#matplotlib.tri.triinterpolate
_ReducedHCT_Element#matplotlib.tri.triinterpolate
_DOF_estimator#matplotlib.tri.triinterpolate
_DOF_estimator_user#matplotlib.tri.triinterpolate
_DOF_estimator_geom#matplotlib.tri.triinterpolate
_DOF_estimator_min_E#matplotlib.tri.triinterpolate
_Sparse_Matrix_coo#matplotlib.tri.triinterpolate
Triangulation#matplotlib.tri.triangulation
TriContourSet#matplotlib.tri.tricontour
TriAnalyzer#matplotlib.tri.tritools
TriFinder#matplotlib.tri.trifinder
TrapezoidMapTriFinder#matplotlib.tri.trifinder
TriRefiner#matplotlib.tri.trirefine
UniformTriRefiner#matplotlib.tri.trirefine
RendererBase#matplotlib.backend_bases
GraphicsContextBase#matplotlib.backend_bases
TimerBase#matplotlib.backend_bases
Event#matplotlib.backend_bases
DrawEvent#matplotlib.backend_bases
ResizeEvent#matplotlib.backend_bases
CloseEvent#matplotlib.backend_bases
LocationEvent#matplotlib.backend_bases
MouseButton#matplotlib.backend_bases
MouseEvent#matplotlib.backend_bases
PickEvent#matplotlib.backend_bases
KeyEvent#matplotlib.backend_bases
FigureCanvasBase#matplotlib.backend_bases
NonGuiException#matplotlib.backend_bases
FigureManagerBase#matplotlib.backend_bases
_Mode#matplotlib.backend_bases
NavigationToolbar2#matplotlib.backend_bases
ToolContainerBase#matplotlib.backend_bases
_Backend#matplotlib.backend_bases
ShowBase#matplotlib.backend_bases
QuiverKey#matplotlib.quiver
Quiver#matplotlib.quiver
Barbs#matplotlib.quiver
TextToPath#matplotlib.textpath
TextPath#matplotlib.textpath
HandlerBase#matplotlib.legend_handler
HandlerNpoints#matplotlib.legend_handler
HandlerNpointsYoffsets#matplotlib.legend_handler
HandlerLine2DCompound#matplotlib.legend_handler
_Line2DHandleList#matplotlib.legend_handler
HandlerLine2D#matplotlib.legend_handler
HandlerPatch#matplotlib.legend_handler
HandlerStepPatch#matplotlib.legend_handler
HandlerLineCollection#matplotlib.legend_handler
HandlerRegularPolyCollection#matplotlib.legend_handler
HandlerPathCollection#matplotlib.legend_handler
HandlerCircleCollection#matplotlib.legend_handler
HandlerErrorbar#matplotlib.legend_handler
HandlerStem#matplotlib.legend_handler
HandlerTuple#matplotlib.legend_handler
HandlerPolyCollection#matplotlib.legend_handler
TransformNode#matplotlib.transforms
BboxBase#matplotlib.transforms
Bbox#matplotlib.transforms
TransformedBbox#matplotlib.transforms
LockableBbox#matplotlib.transforms
Transform#matplotlib.transforms
TransformWrapper#matplotlib.transforms
AffineBase#matplotlib.transforms
Affine2DBase#matplotlib.transforms
Affine2D#matplotlib.transforms
IdentityTransform#matplotlib.transforms
_BlendedMixin#matplotlib.transforms
BlendedGenericTransform#matplotlib.transforms
BlendedAffine2D#matplotlib.transforms
CompositeGenericTransform#matplotlib.transforms
CompositeAffine2D#matplotlib.transforms
BboxTransform#matplotlib.transforms
BboxTransformTo#matplotlib.transforms
BboxTransformToMaxOnly#matplotlib.transforms
BboxTransformFrom#matplotlib.transforms
ScaledTranslation#matplotlib.transforms
AffineDeltaTransform#matplotlib.transforms
TransformedPath#matplotlib.transforms
TransformedPatchPath#matplotlib.transforms
HatchPatternBase#matplotlib.hatch
HorizontalHatch#matplotlib.hatch
VerticalHatch#matplotlib.hatch
NorthEastHatch#matplotlib.hatch
SouthEastHatch#matplotlib.hatch
Shapes#matplotlib.hatch
Circles#matplotlib.hatch
SmallCircles#matplotlib.hatch
LargeCircles#matplotlib.hatch
SmallFilledCircles#matplotlib.hatch
Stars#matplotlib.hatch
