AS_graph_generator#networkx.generators.internet_as_graphs
DegreeSequenceRandomGraph#networkx.generators.degree_seq
DelayedImportErrorModule#networkx.lazy_imports
argmap#networkx.utils.decorators
MinHeap#networkx.utils.heaps
PairingHeap#networkx.utils.heaps
BinaryHeap#networkx.utils.heaps
UnionFind#networkx.utils.union_find
_HeapElement#networkx.utils.mapped_queue
MappedQueue#networkx.utils.mapped_queue
PythonRandomInterface#networkx.utils.misc
_DataEssentialsAndFunctions#networkx.algorithms.flow.networksimplex
CurrentEdge#networkx.algorithms.flow.utils
Level#networkx.algorithms.flow.utils
GlobalRelabelThreshold#networkx.algorithms.flow.utils
_Node#networkx.algorithms.coloring.greedy_coloring
_AdjEntry#networkx.algorithms.coloring.greedy_coloring
NotAPartition#networkx.algorithms.community.quality
PathBuffer#networkx.algorithms.simple_paths
NetworkXTreewidthBoundExceeded#networkx.algorithms.chordal
InverseLaplacian#networkx.algorithms.centrality.flow_matrix
FullInverseLaplacian#networkx.algorithms.centrality.flow_matrix
SuperLUInverseLaplacian#networkx.algorithms.centrality.flow_matrix
CGInverseLaplacian#networkx.algorithms.centrality.flow_matrix
MinDegreeHeuristic#networkx.algorithms.approximation.treewidth
_AntiGraph#networkx.algorithms.approximation.kcomponents
EdgeComponentAuxGraph#networkx.algorithms.connectivity.edge_kcomponents
MaxWeightClique#networkx.algorithms.clique
Interval#networkx.algorithms.planarity
ConflictPair#networkx.algorithms.planarity
LRPlanarity#networkx.algorithms.planarity
PlanarEmbedding#networkx.algorithms.planarity
TimeRespectingGraphMatcher#networkx.algorithms.isomorphism.temporalisomorphvf2
TimeRespectingDiGraphMatcher#networkx.algorithms.isomorphism.temporalisomorphvf2
GraphMatcher#networkx.algorithms.isomorphism.vf2userfunc
DiGraphMatcher#networkx.algorithms.isomorphism.vf2userfunc
GMState#networkx.algorithms.isomorphism.isomorphvf2
DiGMState#networkx.algorithms.isomorphism.isomorphvf2
ISMAGS#networkx.algorithms.isomorphism.ismags
MultiGraphMatcher#networkx.algorithms.isomorphism.vf2userfunc
MultiDiGraphMatcher#networkx.algorithms.isomorphism.vf2userfunc
EdgePartition#networkx.algorithms.tree.mst
SpanningTreeIterator#networkx.algorithms.tree.mst
MultiDiGraph_EdgeKey#networkx.algorithms.tree.branchings
Edmonds#networkx.algorithms.tree.branchings
ArborescenceIterator#networkx.algorithms.tree.branchings
NotATree#networkx.algorithms.tree.coding
show_nodes#networkx.classes.filters
_CachedPropertyResetterAdjAndSucc#networkx.classes.digraph
_CachedPropertyResetterPred#networkx.classes.digraph
DiGraph#networkx.classes.digraph
MultiDiGraph#networkx.classes.multidigraph
OrderedGraph#networkx.classes.ordered
OrderedDiGraph#networkx.classes.ordered
OrderedMultiGraph#networkx.classes.ordered
OrderedMultiDiGraph#networkx.classes.ordered
NodeView#networkx.classes.reportviews
NodeDataView#networkx.classes.reportviews
DiDegreeView#networkx.classes.reportviews
DegreeView#networkx.classes.reportviews
OutDegreeView#networkx.classes.reportviews
InDegreeView#networkx.classes.reportviews
MultiDegreeView#networkx.classes.reportviews
DiMultiDegreeView#networkx.classes.reportviews
InMultiDegreeView#networkx.classes.reportviews
OutMultiDegreeView#networkx.classes.reportviews
OutEdgeDataView#networkx.classes.reportviews
EdgeDataView#networkx.classes.reportviews
InEdgeDataView#networkx.classes.reportviews
OutMultiEdgeDataView#networkx.classes.reportviews
MultiEdgeDataView#networkx.classes.reportviews
InMultiEdgeDataView#networkx.classes.reportviews
OutEdgeView#networkx.classes.reportviews
EdgeView#networkx.classes.reportviews
InEdgeView#networkx.classes.reportviews
OutMultiEdgeView#networkx.classes.reportviews
MultiEdgeView#networkx.classes.reportviews
InMultiEdgeView#networkx.classes.reportviews
MultiGraph#networkx.classes.multigraph
_CachedPropertyResetterAdj#networkx.classes.graph
_CachedPropertyResetterNode#networkx.classes.graph
Graph#networkx.classes.graph
AtlasView#networkx.classes.coreviews
AdjacencyView#networkx.classes.coreviews
MultiAdjacencyView#networkx.classes.coreviews
UnionAtlas#networkx.classes.coreviews
UnionAdjacency#networkx.classes.coreviews
UnionMultiInner#networkx.classes.coreviews
UnionMultiAdjacency#networkx.classes.coreviews
FilterAtlas#networkx.classes.coreviews
FilterAdjacency#networkx.classes.coreviews
FilterMultiInner#networkx.classes.coreviews
FilterMultiAdjacency#networkx.classes.coreviews
_PCGSolver#networkx.linalg.algebraicconnectivity
_LUSolver#networkx.linalg.algebraicconnectivity
NetworkXException#networkx.exception
NetworkXError#networkx.exception
NetworkXPointlessConcept#networkx.exception
NetworkXAlgorithmError#networkx.exception
NetworkXUnfeasible#networkx.exception
NetworkXNoPath#networkx.exception
NetworkXNoCycle#networkx.exception
HasACycle#networkx.exception
NetworkXUnbounded#networkx.exception
NetworkXNotImplemented#networkx.exception
NodeNotFound#networkx.exception
AmbiguousSolution#networkx.exception
ExceededMaxIterations#networkx.exception
PowerIterationFailedConvergence#networkx.exception
GraphML#networkx.readwrite.graphml
GraphMLWriter#networkx.readwrite.graphml
IncrementalElement#networkx.readwrite.graphml
GraphMLWriterLxml#networkx.readwrite.graphml
GraphMLReader#networkx.readwrite.graphml
Pattern#networkx.readwrite.gml
Token#networkx.readwrite.gml
GEXF#networkx.readwrite.gexf
GEXFWriter#networkx.readwrite.gexf
GEXFReader#networkx.readwrite.gexf
