_ABW#scipy.stats._morestats
FitResult#scipy.stats._fit
_MWU#scipy.stats._mannwhitneyu
ksone_gen#scipy.stats._continuous_distns
kstwo_gen#scipy.stats._continuous_distns
kstwobign_gen#scipy.stats._continuous_distns
norm_gen#scipy.stats._continuous_distns
alpha_gen#scipy.stats._continuous_distns
anglit_gen#scipy.stats._continuous_distns
arcsine_gen#scipy.stats._continuous_distns
FitDataError#scipy.stats._continuous_distns
FitSolverError#scipy.stats._continuous_distns
beta_gen#scipy.stats._continuous_distns
betaprime_gen#scipy.stats._continuous_distns
bradford_gen#scipy.stats._continuous_distns
burr_gen#scipy.stats._continuous_distns
burr12_gen#scipy.stats._continuous_distns
fisk_gen#scipy.stats._continuous_distns
cauchy_gen#scipy.stats._continuous_distns
chi_gen#scipy.stats._continuous_distns
chi2_gen#scipy.stats._continuous_distns
cosine_gen#scipy.stats._continuous_distns
dgamma_gen#scipy.stats._continuous_distns
dweibull_gen#scipy.stats._continuous_distns
expon_gen#scipy.stats._continuous_distns
exponnorm_gen#scipy.stats._continuous_distns
exponweib_gen#scipy.stats._continuous_distns
exponpow_gen#scipy.stats._continuous_distns
fatiguelife_gen#scipy.stats._continuous_distns
foldcauchy_gen#scipy.stats._continuous_distns
f_gen#scipy.stats._continuous_distns
foldnorm_gen#scipy.stats._continuous_distns
weibull_min_gen#scipy.stats._continuous_distns
truncweibull_min_gen#scipy.stats._continuous_distns
weibull_max_gen#scipy.stats._continuous_distns
genlogistic_gen#scipy.stats._continuous_distns
genpareto_gen#scipy.stats._continuous_distns
genexpon_gen#scipy.stats._continuous_distns
genextreme_gen#scipy.stats._continuous_distns
gamma_gen#scipy.stats._continuous_distns
erlang_gen#scipy.stats._continuous_distns
gengamma_gen#scipy.stats._continuous_distns
genhalflogistic_gen#scipy.stats._continuous_distns
genhyperbolic_gen#scipy.stats._continuous_distns
gompertz_gen#scipy.stats._continuous_distns
gumbel_r_gen#scipy.stats._continuous_distns
gumbel_l_gen#scipy.stats._continuous_distns
halfcauchy_gen#scipy.stats._continuous_distns
halflogistic_gen#scipy.stats._continuous_distns
halfnorm_gen#scipy.stats._continuous_distns
hypsecant_gen#scipy.stats._continuous_distns
gausshyper_gen#scipy.stats._continuous_distns
invgamma_gen#scipy.stats._continuous_distns
invgauss_gen#scipy.stats._continuous_distns
geninvgauss_gen#scipy.stats._continuous_distns
norminvgauss_gen#scipy.stats._continuous_distns
invweibull_gen#scipy.stats._continuous_distns
johnsonsb_gen#scipy.stats._continuous_distns
johnsonsu_gen#scipy.stats._continuous_distns
laplace_gen#scipy.stats._continuous_distns
laplace_asymmetric_gen#scipy.stats._continuous_distns
levy_gen#scipy.stats._continuous_distns
levy_l_gen#scipy.stats._continuous_distns
logistic_gen#scipy.stats._continuous_distns
loggamma_gen#scipy.stats._continuous_distns
loglaplace_gen#scipy.stats._continuous_distns
lognorm_gen#scipy.stats._continuous_distns
gibrat_gen#scipy.stats._continuous_distns
gilbrat_gen#scipy.stats._continuous_distns
maxwell_gen#scipy.stats._continuous_distns
mielke_gen#scipy.stats._continuous_distns
kappa4_gen#scipy.stats._continuous_distns
kappa3_gen#scipy.stats._continuous_distns
moyal_gen#scipy.stats._continuous_distns
nakagami_gen#scipy.stats._continuous_distns
ncx2_gen#scipy.stats._continuous_distns
ncf_gen#scipy.stats._continuous_distns
t_gen#scipy.stats._continuous_distns
nct_gen#scipy.stats._continuous_distns
pareto_gen#scipy.stats._continuous_distns
lomax_gen#scipy.stats._continuous_distns
pearson3_gen#scipy.stats._continuous_distns
powerlaw_gen#scipy.stats._continuous_distns
powerlognorm_gen#scipy.stats._continuous_distns
powernorm_gen#scipy.stats._continuous_distns
rdist_gen#scipy.stats._continuous_distns
rayleigh_gen#scipy.stats._continuous_distns
reciprocal_gen#scipy.stats._continuous_distns
rice_gen#scipy.stats._continuous_distns
recipinvgauss_gen#scipy.stats._continuous_distns
semicircular_gen#scipy.stats._continuous_distns
skewcauchy_gen#scipy.stats._continuous_distns
skew_norm_gen#scipy.stats._continuous_distns
trapezoid_gen#scipy.stats._continuous_distns
triang_gen#scipy.stats._continuous_distns
truncexpon_gen#scipy.stats._continuous_distns
truncnorm_gen#scipy.stats._continuous_distns
tukeylambda_gen#scipy.stats._continuous_distns
FitUniformFixedScaleDataError#scipy.stats._continuous_distns
uniform_gen#scipy.stats._continuous_distns
vonmises_gen#scipy.stats._continuous_distns
wald_gen#scipy.stats._continuous_distns
wrapcauchy_gen#scipy.stats._continuous_distns
gennorm_gen#scipy.stats._continuous_distns
halfgennorm_gen#scipy.stats._continuous_distns
crystalball_gen#scipy.stats._continuous_distns
argus_gen#scipy.stats._continuous_distns
rv_histogram#scipy.stats._continuous_distns
studentized_range_gen#scipy.stats._continuous_distns
rv_frozen#scipy.stats._distn_infrastructure
rv_discrete_frozen#scipy.stats._distn_infrastructure
rv_continuous_frozen#scipy.stats._distn_infrastructure
rv_generic#scipy.stats._distn_infrastructure
_ShapeInfo#scipy.stats._distn_infrastructure
rv_continuous#scipy.stats._distn_infrastructure
rv_discrete#scipy.stats._distn_infrastructure
rv_sample#scipy.stats._distn_infrastructure
CramerVonMisesResult#scipy.stats._hypotests
TukeyHSDResult#scipy.stats._hypotests
gaussian_kde#scipy.stats._kde
binom_gen#scipy.stats._discrete_distns
bernoulli_gen#scipy.stats._discrete_distns
betabinom_gen#scipy.stats._discrete_distns
nbinom_gen#scipy.stats._discrete_distns
geom_gen#scipy.stats._discrete_distns
hypergeom_gen#scipy.stats._discrete_distns
nhypergeom_gen#scipy.stats._discrete_distns
logser_gen#scipy.stats._discrete_distns
poisson_gen#scipy.stats._discrete_distns
planck_gen#scipy.stats._discrete_distns
boltzmann_gen#scipy.stats._discrete_distns
randint_gen#scipy.stats._discrete_distns
zipf_gen#scipy.stats._discrete_distns
zipfian_gen#scipy.stats._discrete_distns
dlaplace_gen#scipy.stats._discrete_distns
skellam_gen#scipy.stats._discrete_distns
yulesimon_gen#scipy.stats._discrete_distns
_nchypergeom_gen#scipy.stats._discrete_distns
nchypergeom_fisher_gen#scipy.stats._discrete_distns
nchypergeom_wallenius_gen#scipy.stats._discrete_distns
QMCEngine#scipy.stats._qmc
Halton#scipy.stats._qmc
LatinHypercube#scipy.stats._qmc
Sobol#scipy.stats._qmc
PoissonDisk#scipy.stats._qmc
MultivariateNormalQMC#scipy.stats._qmc
MultinomialQMC#scipy.stats._qmc
_PageL#scipy.stats._page_trend_test
BinomTestResult#scipy.stats._binomtest
RelativeRiskResult#scipy.stats._relative_risk
NumericalInverseHermite#scipy.stats._rvs_sampling
DegenerateDataWarning#scipy.stats._warnings_errors
ConstantInputWarning#scipy.stats._warnings_errors
NearConstantInputWarning#scipy.stats._warnings_errors
FitError#scipy.stats._warnings_errors
PearsonRResult#scipy.stats._stats_py
_ParallelP#scipy.stats._stats_py
_PSD#scipy.stats._multivariate
multi_rv_generic#scipy.stats._multivariate
multi_rv_frozen#scipy.stats._multivariate
multivariate_normal_gen#scipy.stats._multivariate
multivariate_normal_frozen#scipy.stats._multivariate
matrix_normal_gen#scipy.stats._multivariate
matrix_normal_frozen#scipy.stats._multivariate
dirichlet_gen#scipy.stats._multivariate
dirichlet_frozen#scipy.stats._multivariate
wishart_gen#scipy.stats._multivariate
wishart_frozen#scipy.stats._multivariate
invwishart_gen#scipy.stats._multivariate
invwishart_frozen#scipy.stats._multivariate
multinomial_gen#scipy.stats._multivariate
multinomial_frozen#scipy.stats._multivariate
special_ortho_group_gen#scipy.stats._multivariate
special_ortho_group_frozen#scipy.stats._multivariate
ortho_group_gen#scipy.stats._multivariate
ortho_group_frozen#scipy.stats._multivariate
random_correlation_gen#scipy.stats._multivariate
random_correlation_frozen#scipy.stats._multivariate
unitary_group_gen#scipy.stats._multivariate
unitary_group_frozen#scipy.stats._multivariate
multivariate_t_gen#scipy.stats._multivariate
multivariate_t_frozen#scipy.stats._multivariate
multivariate_hypergeom_gen#scipy.stats._multivariate
multivariate_hypergeom_frozen#scipy.stats._multivariate
levy_stable_gen#scipy.stats._levy_stable
_UpFIRDn#scipy.signal._upfirdn
CZT#scipy.signal._czt
ZoomFFT#scipy.signal._czt
BadCoefficients#scipy.signal._filter_design
LinearTimeInvariant#scipy.signal._ltisys
lti#scipy.signal._ltisys
dlti#scipy.signal._ltisys
TransferFunction#scipy.signal._ltisys
TransferFunctionContinuous#scipy.signal._ltisys
TransferFunctionDiscrete#scipy.signal._ltisys
ZerosPolesGain#scipy.signal._ltisys
ZerosPolesGainContinuous#scipy.signal._ltisys
ZerosPolesGainDiscrete#scipy.signal._ltisys
StateSpace#scipy.signal._ltisys
StateSpaceContinuous#scipy.signal._ltisys
StateSpaceDiscrete#scipy.signal._ltisys
Bunch#scipy.signal._ltisys
RotationSpline#scipy.spatial.transform._rotation_spline
CDistMetricWrapper#scipy.spatial.distance
CDistWeightedMetricWrapper#scipy.spatial.distance
PDistMetricWrapper#scipy.spatial.distance
PDistWeightedMetricWrapper#scipy.spatial.distance
MetricInfo#scipy.spatial.distance
Rectangle#scipy.spatial._kdtree
KDTree#scipy.spatial._kdtree
SphericalVoronoi#scipy.spatial._spherical_voronoi
dok_matrix#scipy.sparse._dok
_sparray#scipy.sparse._arrays
bsr_array#scipy.sparse._arrays
coo_array#scipy.sparse._arrays
csc_array#scipy.sparse._arrays
csr_array#scipy.sparse._arrays
dia_array#scipy.sparse._arrays
dok_array#scipy.sparse._arrays
lil_array#scipy.sparse._arrays
csc_matrix#scipy.sparse._csc
lil_matrix#scipy.sparse._lil
dia_matrix#scipy.sparse._dia
coo_matrix#scipy.sparse._coo
csr_matrix#scipy.sparse._csr
IndexMixin#scipy.sparse._index
bsr_matrix#scipy.sparse._bsr
MatrixRankWarning#scipy.sparse.linalg._dsolve.linsolve
_AProd#scipy.sparse.linalg._svdp
MatrixPowerOperator#scipy.sparse.linalg._matfuncs
ProductOperator#scipy.sparse.linalg._matfuncs
_ExpmPadeHelper#scipy.sparse.linalg._matfuncs
LazyOperatorNormInfo#scipy.sparse.linalg._expm_multiply
ArpackError#scipy.sparse.linalg._eigen.arpack.arpack
ArpackNoConvergence#scipy.sparse.linalg._eigen.arpack.arpack
_ArpackParams#scipy.sparse.linalg._eigen.arpack.arpack
_SymmetricArpackParams#scipy.sparse.linalg._eigen.arpack.arpack
_UnsymmetricArpackParams#scipy.sparse.linalg._eigen.arpack.arpack
SpLuInv#scipy.sparse.linalg._eigen.arpack.arpack
LuInv#scipy.sparse.linalg._eigen.arpack.arpack
IterInv#scipy.sparse.linalg._eigen.arpack.arpack
IterOpInv#scipy.sparse.linalg._eigen.arpack.arpack
LinearOperator#scipy.sparse.linalg._interface
_CustomLinearOperator#scipy.sparse.linalg._interface
_AdjointLinearOperator#scipy.sparse.linalg._interface
_TransposedLinearOperator#scipy.sparse.linalg._interface
_SumLinearOperator#scipy.sparse.linalg._interface
_ProductLinearOperator#scipy.sparse.linalg._interface
_ScaledLinearOperator#scipy.sparse.linalg._interface
_PowerLinearOperator#scipy.sparse.linalg._interface
MatrixLinearOperator#scipy.sparse.linalg._interface
_AdjointMatrixOperator#scipy.sparse.linalg._interface
IdentityOperator#scipy.sparse.linalg._interface
_cs_matrix#scipy.sparse._compressed
_data_matrix#scipy.sparse._data
_minmax_mixin#scipy.sparse._data
SparseWarning#scipy.sparse._base
SparseFormatWarning#scipy.sparse._base
SparseEfficiencyWarning#scipy.sparse._base
spmatrix#scipy.sparse._base
NumPyBackend#scipy.fft._debug_backends
EchoBackend#scipy.fft._debug_backends
_ScipyBackend#scipy.fft._backend
UnivariateSpline#scipy.interpolate._fitpack2
InterpolatedUnivariateSpline#scipy.interpolate._fitpack2
LSQUnivariateSpline#scipy.interpolate._fitpack2
_BivariateSplineBase#scipy.interpolate._fitpack2
BivariateSpline#scipy.interpolate._fitpack2
_DerivedBivariateSpline#scipy.interpolate._fitpack2
SmoothBivariateSpline#scipy.interpolate._fitpack2
LSQBivariateSpline#scipy.interpolate._fitpack2
RectBivariateSpline#scipy.interpolate._fitpack2
SphereBivariateSpline#scipy.interpolate._fitpack2
SmoothSphereBivariateSpline#scipy.interpolate._fitpack2
LSQSphereBivariateSpline#scipy.interpolate._fitpack2
RectSphereBivariateSpline#scipy.interpolate._fitpack2
interp2d#scipy.interpolate._interpolate
interp1d#scipy.interpolate._interpolate
_PPolyBase#scipy.interpolate._interpolate
PPoly#scipy.interpolate._interpolate
BPoly#scipy.interpolate._interpolate
NdPPoly#scipy.interpolate._interpolate
BSpline#scipy.interpolate._bsplines
Rbf#scipy.interpolate._rbf
CubicHermiteSpline#scipy.interpolate._cubic
PchipInterpolator#scipy.interpolate._cubic
Akima1DInterpolator#scipy.interpolate._cubic
CubicSpline#scipy.interpolate._cubic
_Interpolator1D#scipy.interpolate._polyint
_Interpolator1DWithDerivatives#scipy.interpolate._polyint
KroghInterpolator#scipy.interpolate._polyint
BarycentricInterpolator#scipy.interpolate._polyint
NearestNDInterpolator#scipy.interpolate._ndgriddata
RBFInterpolator#scipy.interpolate._rbfinterp
RegularGridInterpolator#scipy.interpolate._rgi
orthopoly1d#scipy.special._orthogonal
Arg#scipy.special._mptestutils
FixedArg#scipy.special._mptestutils
ComplexArg#scipy.special._mptestutils
IntArg#scipy.special._mptestutils
MpmathData#scipy.special._mptestutils
TimeoutError#scipy.special._mptestutils
MissingModule#scipy.special._testutils
FuncData#scipy.special._testutils
SpecialFunctionWarning#scipy.special._sf_error
SpecialFunctionError#scipy.special._sf_error
Reader#scipy._lib._docscrape
ParseError#scipy._lib._docscrape
NumpyDocString#scipy._lib._docscrape
FunctionDoc#scipy._lib._docscrape
ClassDoc#scipy._lib._docscrape
ReferenceError#scipy._lib._gcutils
Generator#scipy._lib._util
DeprecatedImport#scipy._lib._util
_FunctionWrapper#scipy._lib._util
MapWrapper#scipy._lib._util
ReentrancyError#scipy._lib._threadsafety
ReentrancyLock#scipy._lib._threadsafety
CData#scipy._lib._ccallback
LowLevelCallable#scipy._lib._ccallback
FunctionMaker#scipy._lib.decorator
ContextManager#scipy._lib.decorator
_DeprecationHelperStr#scipy._lib.deprecation
DisjointSet#scipy._lib._disjoint_set
Dispatchable#scipy._lib._uarray._backend
Infinity#scipy._lib._pep440
NegativeInfinity#scipy._lib._pep440
InvalidVersion#scipy._lib._pep440
_BaseVersion#scipy._lib._pep440
LegacyVersion#scipy._lib._pep440
Version#scipy._lib._pep440
FPUModeChangeWarning#scipy._lib._testutils
PytestTester#scipy._lib._testutils
_TestPythranFunc#scipy._lib._testutils
Pointer#scipy.io._idl
ObjectPointer#scipy.io._idl
AttrDict#scipy.io._idl
FortranEOFError#scipy.io._fortran
FortranFormattingError#scipy.io._fortran
FortranFile#scipy.io._fortran
MatReadError#scipy.io.matlab._miobase
MatWriteError#scipy.io.matlab._miobase
MatReadWarning#scipy.io.matlab._miobase
MatVarReader#scipy.io.matlab._miobase
MatFileReader#scipy.io.matlab._miobase
VarHeader4#scipy.io.matlab._mio4
VarReader4#scipy.io.matlab._mio4
MatFile4Reader#scipy.io.matlab._mio4
VarWriter4#scipy.io.matlab._mio4
MatFile4Writer#scipy.io.matlab._mio4
mat_struct#scipy.io.matlab._mio5_params
MatlabObject#scipy.io.matlab._mio5_params
MatlabFunction#scipy.io.matlab._mio5_params
MatlabOpaque#scipy.io.matlab._mio5_params
MatFile5Reader#scipy.io.matlab._mio5
EmptyStructMarker#scipy.io.matlab._mio5
VarWriter5#scipy.io.matlab._mio5
MatFile5Writer#scipy.io.matlab._mio5
netcdf_file#scipy.io._netcdf
netcdf_variable#scipy.io._netcdf
MalformedHeader#scipy.io._harwell_boeing.hb
LineOverflow#scipy.io._harwell_boeing.hb
HBInfo#scipy.io._harwell_boeing.hb
HBMatrixType#scipy.io._harwell_boeing.hb
HBFile#scipy.io._harwell_boeing.hb
BadFortranFormat#scipy.io._harwell_boeing._fortran_format_parser
IntFormat#scipy.io._harwell_boeing._fortran_format_parser
ExpFormat#scipy.io._harwell_boeing._fortran_format_parser
Token#scipy.io._harwell_boeing._fortran_format_parser
Tokenizer#scipy.io._harwell_boeing._fortran_format_parser
FortranFormatParser#scipy.io._harwell_boeing._fortran_format_parser
ArffError#scipy.io.arff._arffread
ParseArffError#scipy.io.arff._arffread
Attribute#scipy.io.arff._arffread
NominalAttribute#scipy.io.arff._arffread
NumericAttribute#scipy.io.arff._arffread
StringAttribute#scipy.io.arff._arffread
DateAttribute#scipy.io.arff._arffread
RelationalAttribute#scipy.io.arff._arffread
MetaData#scipy.io.arff._arffread
MMFile#scipy.io._mmio
WavFileWarning#scipy.io.wavfile
WAVE_FORMAT#scipy.io.wavfile
ConstantWarning#scipy.constants._codata
OdeSolver#scipy.integrate._ivp.base
DenseOutput#scipy.integrate._ivp.base
ConstantDenseOutput#scipy.integrate._ivp.base
RungeKutta#scipy.integrate._ivp.rk
RK23#scipy.integrate._ivp.rk
RK45#scipy.integrate._ivp.rk
DOP853#scipy.integrate._ivp.rk
RkDenseOutput#scipy.integrate._ivp.rk
Dop853DenseOutput#scipy.integrate._ivp.rk
LSODA#scipy.integrate._ivp.lsoda
LsodaDenseOutput#scipy.integrate._ivp.lsoda
Radau#scipy.integrate._ivp.radau
RadauDenseOutput#scipy.integrate._ivp.radau
OdeSolution#scipy.integrate._ivp.common
OdeResult#scipy.integrate._ivp.ivp
BDF#scipy.integrate._ivp.bdf
BdfDenseOutput#scipy.integrate._ivp.bdf
BVPResult#scipy.integrate._bvp
LRUDict#scipy.integrate._quad_vec
SemiInfiniteFunc#scipy.integrate._quad_vec
DoubleInfiniteFunc#scipy.integrate._quad_vec
_Bunch#scipy.integrate._quad_vec
ODEintWarning#scipy.integrate._odepack_py
AccuracyWarning#scipy.integrate._quadrature
CacheAttributes#scipy.integrate._quadrature
ode#scipy.integrate._ode
complex_ode#scipy.integrate._ode
IntegratorConcurrencyError#scipy.integrate._ode
IntegratorBase#scipy.integrate._ode
vode#scipy.integrate._ode
zvode#scipy.integrate._ode
dopri5#scipy.integrate._ode
dop853#scipy.integrate._ode
lsoda#scipy.integrate._ode
IntegrationWarning#scipy.integrate._quadpack_py
_RangeFunc#scipy.integrate._quadpack_py
_OptFunc#scipy.integrate._quadpack_py
_NQuad#scipy.integrate._quadpack_py
NoConvergence#scipy.optimize._nonlin
TerminationCondition#scipy.optimize._nonlin
Jacobian#scipy.optimize._nonlin
InverseJacobian#scipy.optimize._nonlin
GenericBroyden#scipy.optimize._nonlin
LowRankMatrix#scipy.optimize._nonlin
BroydenFirst#scipy.optimize._nonlin
BroydenSecond#scipy.optimize._nonlin
Anderson#scipy.optimize._nonlin
DiagBroyden#scipy.optimize._nonlin
LinearMixing#scipy.optimize._nonlin
ExcitingMixing#scipy.optimize._nonlin
KrylovJacobian#scipy.optimize._nonlin
DifferentialEvolutionSolver#scipy.optimize._differentialevolution
_ConstraintWrapper#scipy.optimize._differentialevolution
NonlinearConstraint#scipy.optimize._constraints
LinearConstraint#scipy.optimize._constraints
Bounds#scipy.optimize._constraints
PreparedConstraint#scipy.optimize._constraints
IterativeSubproblem#scipy.optimize._trustregion_exact
DoglegSubproblem#scipy.optimize._trustregion_dogleg
MemoizeDer#scipy.optimize._root_scalar
VisitingDistribution#scipy.optimize._dual_annealing
EnergyState#scipy.optimize._dual_annealing
StrategyChain#scipy.optimize._dual_annealing
ObjectiveFunWrapper#scipy.optimize._dual_annealing
LocalSearchWrapper#scipy.optimize._dual_annealing
CanonicalConstraint#scipy.optimize._trustregion_constr.canonical_constraint
ReportBase#scipy.optimize._trustregion_constr.report
BasicReport#scipy.optimize._trustregion_constr.report
SQPReport#scipy.optimize._trustregion_constr.report
IPReport#scipy.optimize._trustregion_constr.report
HessianLinearOperator#scipy.optimize._trustregion_constr.minimize_trustregion_constr
LagrangianHessian#scipy.optimize._trustregion_constr.minimize_trustregion_constr
BarrierSubproblem#scipy.optimize._trustregion_constr.tr_interior_point
BaseQuadraticSubproblem#scipy.optimize._trustregion
ScalarFunction#scipy.optimize._differentiable_functions
VectorFunction#scipy.optimize._differentiable_functions
LinearVectorFunction#scipy.optimize._differentiable_functions
IdentityVectorFunction#scipy.optimize._differentiable_functions
_NoConvergence#scipy.optimize._spectral
Complex#scipy.optimize._shgo_lib.triangulation
VertexGroup#scipy.optimize._shgo_lib.triangulation
Cell#scipy.optimize._shgo_lib.triangulation
Simplex#scipy.optimize._shgo_lib.triangulation
Vertex#scipy.optimize._shgo_lib.triangulation
VertexCache#scipy.optimize._shgo_lib.triangulation
LineSearchWarning#scipy.optimize._linesearch
HessianUpdateStrategy#scipy.optimize._hessian_update_strategy
FullHessianUpdateStrategy#scipy.optimize._hessian_update_strategy
BFGS#scipy.optimize._hessian_update_strategy
SR1#scipy.optimize._hessian_update_strategy
Storage#scipy.optimize._basinhopping
BasinHoppingRunner#scipy.optimize._basinhopping
AdaptiveStepsize#scipy.optimize._basinhopping
RandomDisplacement#scipy.optimize._basinhopping
MinimizerWrapper#scipy.optimize._basinhopping
Metropolis#scipy.optimize._basinhopping
RootResults#scipy.optimize._zeros_py
TOMS748Solver#scipy.optimize._zeros_py
LbfgsInvHessProduct#scipy.optimize._lbfgsb_py
CGSteihaugSubproblem#scipy.optimize._trustregion_ncg
MemoizeJac#scipy.optimize._optimize
OptimizeResult#scipy.optimize._optimize
OptimizeWarning#scipy.optimize._optimize
_MaxFuncCallError#scipy.optimize._optimize
_LineSearchError#scipy.optimize._optimize
Brent#scipy.optimize._optimize
_Brute_Wrapper#scipy.optimize._optimize
SHGO#scipy.optimize._shgo
LMap#scipy.optimize._shgo
LMapCache#scipy.optimize._shgo
LinAlgWarning#scipy.linalg._misc
SqrtmError#scipy.linalg._matfuncs_sqrtm
_FakeMatrix#scipy.linalg._testutils
_FakeMatrix2#scipy.linalg._testutils
LogmRankWarning#scipy.linalg._matfuncs_inv_ssq
LogmExactlySingularWarning#scipy.linalg._matfuncs_inv_ssq
LogmNearlySingularWarning#scipy.linalg._matfuncs_inv_ssq
LogmError#scipy.linalg._matfuncs_inv_ssq
FractionalMatrixPowerError#scipy.linalg._matfuncs_inv_ssq
_MatrixM1PowerOperator#scipy.linalg._matfuncs_inv_ssq
ClusterWarning#scipy.cluster.hierarchy
ClusterNode#scipy.cluster.hierarchy
ClusterError#scipy.cluster.vq
_MultilinearModel#scipy.odr._models
_ExponentialModel#scipy.odr._models
_UnilinearModel#scipy.odr._models
_QuadraticModel#scipy.odr._models
OdrWarning#scipy.odr._odrpack
OdrError#scipy.odr._odrpack
OdrStop#scipy.odr._odrpack
Data#scipy.odr._odrpack
RealData#scipy.odr._odrpack
Model#scipy.odr._odrpack
Output#scipy.odr._odrpack
ODR#scipy.odr._odrpack
