1039#array_like#ArrayLike
71#(N,) array_like#ArrayLike
40#{None, int, `numpy.random.Generator`,#None|int|np.random.Generator
30#dtype#np.dtype
30#array or dtype#ArrayLike or np.dtype
27#array_like, shape (n,)#ArrayLike
26#(M, M) array_like#ArrayLike
24#(N, N) array_like#ArrayLike
23#integer#int
20#int or array_like of ints or None#int|ArrayLike|None
20#function#Callable
18#{None, int, np.random.RandomState, np.random.Generator}#None|int|np.random.Generator|np.random.RandomState
18#callable f(v)#Callable
18#callable f(V)#Callable
17#(M, N) array_like#ArrayLike
16#(N,) array_like, bool#ArrayLike|bool
16#{1, 2, 3, 4}#Literal[1,2,3,4]
15#{sparse matrix, ndarray, LinearOperator}#ArrayLike|LinearOperator|NDArray
15#ndarray, shape (n,)#NDArray
13#number#float
12#float and array_like#ArrayLike|float
10#callable f(x,*args)#Callable
10#:class:`numpy.ndarray`#np.ndarray
9#{None, int, `numpy.random.Generator`}#None|int|np.random.Generator
9#str or tuple or array_like#str|tuple|ArrayLike
9#1-D array#ArrayLike
8#str {'full', 'valid', 'same'}#str|Literal['full','valid','same']
8#array_like, shape (m,)#ArrayLike
7#{True, False}#bool
7#None or (lower limit, upper limit)#None|tuple
7#(bool, bool)#tuple[bool,bool]
7#integer or iterable of integers#int|Iterable[int]
7#None, 0, or 1#Literal[0,1]|None
6#tuple of array_like#tuple[ArrayLike, ...]
6#array_like of ints#ArrayLike
6#array_like or None#ArrayLike|None
6#float or array_like#float|ArrayLike
6#{(bool, bool) tuple}#[bool, bool]
6#int or map-like callable#int|Callable
6#{None, int, array_like}#None|int|ArrayLike
6#str or function or `False`#str|Callable|Literal[False]
6#(int, int)#tuple[int,int]
6#{-2, -1, 0, 1, None} optional#Literal[-2, -1, 0, 1]|None
6#hashable object#hashable
6#None or array_like#ArrayLike|None
6#tuple and dict#tuple|dict
6#sequence or `Bounds`#Sequence|Bounds
5#array_like, 1-D#np.ndarray
5#number or ndarray or sequence#float|NDArray|Sequence
5#{0, 1, 2}#Literal[0,1,2]
5#str or function#str|Callable
5#ndarray, 2-D#np.ndarray
5#ndarray, sparse matrix or LinearOperator#NDArray|ArrayLike|LinearOperator
5#(M,) or (M, K) array_like#ArrayLike
5#int (cast to 0 or 1)#int
4#1D array_like#ArrayLike
4#array_like of float#ArrayLike
4#array_like (n, d)#ArrayLike
4#positive int#int
4#an instance of the LTI class or a tuple of array_like#LTI|tuple[ArrayLike,...]
4#(M, K) array_like#ArrayLike
4#np.matrix#np.matrix
4#{matrix, ndarray}#ArrayLike|NDArray
4#array_like (..., n)#ArrayLike
4#int, array_like#int|ArrayLike
4#complex or float, array_like#complex|float|ArrayLike
4#{None, array_like, sparse matrix}#None|ArrayLike
4#function or float#Callable|float
4#{callable, scipy.LowLevelCallable}#Callable|LowLevelCallable
4#2-tuple of array_like#tuple[ArrayLike, ...]
4#callable ``f(x, *args)``#Callable
4#array_like, shape (n, )#ArrayLike
4#array_like, up to 2-D#ArrayLike
4#(min, max)#tuple
4#int32 ndarray#NDArray
3#str or stats.distributions instance#str|stats.distributions
3#int or array_like#int|ArrayLike
3#array_like (d,)#ArrayLike
3#{False, True}#bool
3#integer, array_like#int|ArrayLike
3#float, array_like#float|ArrayLike
3#(N,) array_like or list of (N,) array_like#ArrayLike
3#1d ndarray#NDArray
3#data-type#np.dtype
3#an instance of the LTI class or a tuple describing the system.#LTI|tuple
3#matplotlib.axes.Axes instance#Axes
3#double#float
3#(N, K) array_like#ArrayLike
3#float, 1 <= p <= infinity#float
3#nonnegative float#float
3#dense or sparse matrix#np.spmatrix|np.matrix
3#str or file-like object#str|FileLike
3#length-2 tuple of ints#tuple[int,int]
3#sparse matrix#ArrayLike
3#(2,) array_like#ArrayLike
3#bool or (bool, bool)#bool|tuple[bool,bool]
3#ndarray, size (k, m, ...)#NDArray
3#ndarray, size (m,)#NDArray
3#mapping#Mapping
3#``VarHeader4`` instance#VarHeader4
3#Python string or unicode#str
3#ndarray, shape (n, n)#NDArray
3#array_like of bool#ArrayLike
3#callable `f(x,*args)`#Callable
3#sequence of ndarrays#Sequence[NDArray]
3#str or dtype#str|np.dtype
3#:class:`scipy.sparse.linalg.LinearOperator`#LinearOperator
3#array_like (cast to booleans)#ArrayLike
3#scalar or sequence of scalars#Scalar|Sequence[Scalar]
2#2-tuple#tuple
2#str, optional, deprecated#str|None
2#array_like, int#ArrayLike|int
2#sequences#Sequence
2#{1, 2}#Literal[1,2]
2#1D or 2D array_like, y is optional#ArrayLike
2#array_like of bools#ArrayLike
2#str, as documented in stats.kstest#str
2#{0,integer}#int
2#nonnegative int#int
2#int or array_like of ints#int|ArrayLike
2#tuple (lower, upper)#tuple
2#1D or 2D array_like, b is optional#ArrayLike
2#array_like, 1-Dimensional#ArrayLike
2#Optional[int]#int|None
2#float or array like, shape (2,)#float|ArrayLike
2#str {'auto', 'direct', 'fft'}#str|Literal['auto','direct','fft']
2#str {'fill', 'wrap', 'symm'}#str|Literal['fill','wrap','symm']
2#array_like (1-D)#ArrayLike
2#an instance of the `lti` class or a tuple describing the system.#LTI|tuple
2#array_like (1D or 2D)#ArrayLike
2#1-D array_like#ArrayLike
2#tuple of array_like or instance of `dlti`#tuple[ArrayLike, ...]|dlti
2#(n_dimensions, ) array-like#ArrayLike
2#hyperrectangle#hyperrectangle
2#float, 1<=p<=infinity#float
2#positive float#float
2#integer : optional#int|None
2#sequence of int or an int#Sequence[int]|int
2#sparse or dense matrix#np.spmatrix|np.matrix
2#ndarray or sparse matrix#NDArray|ArrayLike
2#(M, M) sparse matrix#ArrayLike
2#(M,) or (M, N) array_like#ArrayLike
2#{int, 2-tuple of ints, None}#int|None|tuple[int, ...]
2#LinearOperator#LinearOperator
2#ndarray, float32 or float64#NDArray|float
2#{dense matrix, sparse matrix, LinearOperator}#np.spmatrix|np.matrix|LinearOperator
2#string or numpy dtype#str|np.dtype
2#{-2, -1, 0, 1, None}#None|Literal[-2,-1,0,1]
2#{1, 0, -1}#Literal[1,0,-1]
2#BSpline instance or a tuple of (t, c, k)#BSpline|tuple
2#tuple of (t, c, k)#tuple[tuple, ...]
2#ndarray, shape (k, m, ...)#NDArray
2#ndarray, shape (m+1,)#NDArray
2#ndim-tuple of int#tuple
2#scalar or array_like#Scalar|ArrayLike
2#tuple of ndarray of float, with shapes (m1, ), ..., (mn, )#tuple[np.ndarray,...]
2#array_like, shape (m1, ..., mn, ...)#ArrayLike
2#float (>=0)#float
2#{1, -1}#Literal[1,-1]
2#{None, True, False}#None|bool
2#array like#ArrayLike
2#string or open file handle#str|IO
2#float or array_like with shape (n_points,)#float|ArrayLike
2#ndarray, shape (n_stages,)#NDArray
2#{None, array_like, sparse_matrix, callable}#None|ArrayLike|Callable|spmatrix
2#ndarray, shape (n_events,)#NDArray
2#array_like, shape (n_events,)#ArrayLike
2#callable(y, t, ...) or callable(t, y, ...)#Callable
2#callable ``f(t, y, *f_args)``#Callable
2#callable ``jac(t, y, *jac_args)``#Callable
2#iterable object#Iterable
2#array_like of shape (n,) or float#ArrayLike|float
2#2-D array, square#ArrayLike
2#callable, `callback(xk, convergence=val)`#Callable
2#{NonLinearConstraint, LinearConstraint, Bounds}#Bounds|LinearConstraint|NonLinearConstraint
2#LinearOperator (or sparse matrix or ndarray), shape (n, n)#LinearOperator|np.spmatrix|np.ndarray
2#None or ndarray with shape (n,)#NDArray|None
2#{callable, '2-point', '3-point', 'cs', HessianUpdateStrategy}#Literal['cs','3-point','2-point']|Callable|HessianUpdateStrategy
2#callable phi(alpha)#Callable
2#callable phi'(alpha)#Callable
2#A `scipy.optimize.OptimizeResult` consisting of the following fields:#OptimizeResult
2#2-D array#ArrayLike
2#array_like, shape=(n_corr, n)#ArrayLike
2#callable func(x,*args)#Callable
2#float or array scalar#float|Scalar
2#Vertex object#Vertex
2#{True, False, 'preferred'}#Literal['preferred']|bool
2#(integer, integer)#tuple[int,int]
2#array_like or tuple of (array_like, array_like)#ArrayLike|tuple[tuple[ArrayLike,ArrayLike], ...]
2#2-D array_like#ArrayLike
2#:class:`numpy.ndarray` or :class:`scipy.sparse.linalg.LinearOperator`#ndarray|LinearOperator
2#tuple (lo, hi)#tuple
2#(u+1, M) array_like#ArrayLike
2#ndarray, shape (ndim,)#NDArray
2#ndarray, shape (ndim-1,)#NDArray
2#tuple, (array, bool)#tuple|tuple[ArrayLike,bool]
2#tuple, (ndarray, bool)#tuple|tuple[NDArray,bool]
2#ClusterNode instance#ClusterNode
2#{0, 1, 2} int#Literal[0,1,2]
2#{0, 1} int#Literal[0,1]
1#int, {1, 2, 3, 4}#int|Literal[1,2,3,4]
1#int, {1, 2}#int|Literal[1,2]
1#2-tuple, optional#tuple|None
1#sequence of 1-D array_like#Sequence[ArrayLike]
1#matplotlib.axes.Axes#Axes
1#`scipy.stats.rv_continuous` or `scipy.stats.rv_discrete`#rv_continuous|rv_discrete
1#dict or array_like#Mapping|ArrayLike
1#{"cramer", "tschuprow", "pearson"} (default = "cramer")#Literal["cramer","tschuprow","pearson"]
1#(2,) tuple of boolean#tuple[bool,...]
1#array_like, optional (continuous RVs only)#ArrayLike|None
1#array_like, optional  (continuous distributions only).#ArrayLike|None
1#int, order >= 1#int
1#tuple of two array_like#tuple[ArrayLike,ArrayLike]
1#aray_like#ArrayLike
1#array_like (1, d)#ArrayLike
1#array_like (d, d)#ArrayLike
1#array_like (d, d')#ArrayLike
1#array_like (k,)#ArrayLike
1#2-D ndarray#NDArray
1#str, callable or array_like#str|Callable|ArrayLike
1#(bool, bool) tuple#tuple[bool,bool]
1#{(True,True) tuple}#tuple[bool,bool]
1#{(0.1,0.1), tuple of float}#tuple[float,float]
1#{(bool, bool) tuple} optional#tuple[bool,bool]|None
1#{(True, True) tuple}#tuple[bool,bool]|None
1#int or np.inf#int|np.inf
1#float, optional.#float|None
1#Two-element sequence containing floats in range of [0,100] optional#Sequence[float]
1#array_like of ints or bool#ArrayLike|bool
1#non-negative int, np.inf, or None#int|np.inf|None
1#str, array_like, or callable#str|ArrayLike|Callable
1#str, array_like or callable#str|ArrayLike|Callable
1#int or sequence of scalars#int|Sequence[scalar]
1#(float, float) or [(float, float)]#tuple[float,float]|Sequence[tuple[float,float]]
1#int or [int, int] or array_like or [array, array]#int|tuple[int,int]|ArrayLike|tuple[ArrayLike,ArrayLike]
1#(2,2) array_like#ArrayLike
1#sequence or positive int#Sequence|int
1#binnedStatisticddResult#binnedStatisticddResult
1#Optional[float]#float|None
1#{2, 'approximate', 'subsample'} | None#None|Literal[2,'approximate','subsample']
1#float or 1-D array_like#float|ArrayLike
1#string or tuple of string and parameter values#str|tuple[str,...]
1#{True, False, 'bandpass', 'lowpass', 'highpass', 'bandstop'}#bool|Literal['bandpass','lowpass','highpass','bandstop']
1#string or (string, float) or float, or None#str|tuple[str,float]|float|None
1#a tuple describing the system or an instance of `lti`#LTI|tuple
1#float within [0, 1]#float
1#str {'ba', 'zp'}#str|Literal['ba','zp']
1#tuple of array_like (b, a)#tuple[ArrayLike, ...]
1#int, {0, 1}#int|Literal[0,1]
1#numpy.ndarray#NDArray
1#int or tuple of two ints#int|tuple[int,int]
1#array_like, callable, string, float, or tuple#ArrayLike|Callable|str|float|tuple
1#string, tuple, or array_like#str|tuple|ArrayLike
1#str {'iir', 'fir'} or ``dlti`` instance#str|Literal['iir','fir']|dlti
1#ndarray or the string 'cutoff'#np.ndarray|Literal['cutoff']
1#1-D array_like or instance of numpy.poly1d#ArrayLike|np.poly1d
1#(N,) ndarray#NDArray
1#(M,) sequence#Sequence
1#array_like (1D)#ArrayLike
1#an instance of the `dlti` class or a tuple describing the system.#tuple|dlti
1#array_like, shape (N,)#ArrayLike
1#`Rotation` instance#Rotation
1#float or (n_points,) 1D array-like#float|ArrayLike
1#(M,N) array_like#ArrayLike
1#(O,N) array_like#ArrayLike
1#array_like, shape (n,m)#ArrayLike
1#array_like or scalar#ArrayLike|Scalar
1#array_like, last dimension self.m#ArrayLike
1#int or Sequence[int]#int|Sequence[int]
1#array_like, shape tuple + (self.m,)#ArrayLike
1#array_like, float#ArrayLike|float
1#KDTree instance#KDTree
1#float or one-dimensional array of floats#float|Sequence[float]
1#tuple, array_like, or None#tuple|ArrayLike|None
1#ndarray of floats, shape (npoints, ndim)#NDArray
1#ndarray of floats, shape (ndim,)#NDArray
1#sequence of array_like#Sequence[ArrayLike]
1#{"dia", "csr", "csc", "lil", ...}#Literal["dia","csr","csc","lil"]
1#sequence of matrices#Sequence[np.matrix|np.spmatrix]
1#dtype specifier#np.dtype
1#spmatrix (format: ``csc``, ``csr``, ``bsr``, ``dia`` or coo``)#spmatrix
1#array_like or sparse matrix, 2 dimensions#ArrayLike|spmatrix
1#None or one of numeric numpy dtypes#None|np.dtype
1#a sparse matrix#ArrayLike
1#{non-zero int, inf, -inf, 'fro'}#int|np.inf|-np.inf|literal['fro']
1#{LinearOperator, Nones}#Nones|LinearOperator
1#{array_like, str, None}#None|ArrayLike|str
1#a dense or sparse square numpy matrix or ndarray#np.matrix|np.spmatrix|np.ndarray
1#(M,M) array_like or sparse matrix#ArrayLike
1#transposable linear operator#LinearOperator
1#linear operator#LinearOperator
1#{sparse matrix, dense matrix, LinearOperator}#np.spmatrix|np.matrix|LinearOperator
1#ndarray, sparse matrix, or LinearOperator#NDArray|ArrayLike|LinearOperator
1#{True, False, "u", "vh"}#bool|Literal["u","vh"]
1#real or complex#real|complex
1#str, ['LM' | 'SM' | 'LR' | 'SR' | 'LI' | 'SI']#Literal['LI','SI','LM','SR','LR','SM']
1#n is a scalar#Scalar
1#3-tuple or a BSpline object#tuple|BSpline
1#tuple or a BSpline instance#tuple|BSpline
1#tuple or a BSpline object#tuple|BSpline
1#a `BSpline` instance or a tuple#tuple|BSpline
1#list [tx, ty, c, kx, ky]#ArrayLike
1#(M,) array_like#ArrayLike
1#(4,) array_like#ArrayLike
1#float or (float, float)#float|tuple[float,float]
1#int >= 0, < kx#int
1#int >= 0, < ky#int
1#(...,N,...) array_like#ArrayLike
1#array-like or (array-like, array_like) or "extrapolate"#ArrayLike|tuple[ArrayLike,ArrayLike]|Literal["extrapolate"]
1#array_like or list of array_likes#ArrayLike
1#None or int or array_like of ints. Default: None.#int|ArrayLike|None
1#ndarray, shape (k0, ..., kn, m0, ..., mn, ...)#NDArray
1#ndim-tuple of ndarrays, shapes (mj+1,)#tuple[np.ndarray,...]
1#ndim-tuple of 2-tuples float#tuple
1#ndarray, shape (n+k+1,)#NDArray
1#ndarray, shape (>=n, ...)#NDArray
1#ndarray, shape (k+2,)#NDArray
1#array_like, shape (nt,)#ArrayLike
1#array_like, shape (n, ...)#ArrayLike
1#array_like, shape (nt + k + 1,), optional.#ArrayLike|None
1#2-tuple or None#tuple|None
1#array_like, shape (m, ...)#ArrayLike
1#array_like, shape (n + k + 1,).#ArrayLike
1#arrays#ArrayLike
1#ndarray, shape (m, )#NDArray
1#ndarray, shape (m, ...)#NDArray
1#string or 2-tuple#str|tuple
1#array_like, length N#ArrayLike
1#(Npoints, Ndims) ndarray of floats#NDArray
1#(Npoints,) ndarray of float or complex#NDArray|complex
1#ndarray of float or complex, shape (n,)#NDArray
1#(P, N) array_like#ArrayLike
1#(P, ...) array_like#ArrayLike
1#float or (P,) array_like#float|ArrayLike
1#(Q, N) array_like#ArrayLike
1#array_like, real-valued#ArrayLike
1#array_like of complex#ArrayLike
1#numpy array#NDArray
1#function, or tuple of functions/Nones#Callable|tuple[Callable|None,...]
1#Python class or instance#Any
1#{False, True}, boolean#bool
1#BitGenerator#BitGenerator
1#{None, np.random.RandomState, np.random.Generator}#None|np.random.Generator|np.random.RandomState
1#{str, dtype}#str|np.dtype
1#ArgumentExtractorType#ArgumentExtractorType
1#ArgumentReplacerType#ArgumentReplacerType
1#Optional[Callable]#Callable|None
1#Optional[str]#str|None
1#Sequence[Union[uarray.Dispatchable, Any]]#Sequence[Dispatchable|Any]
1#Optional[Any]#Any|None
1#file or str#file|str
1#dtypes#np.dtype
1#False#bool
1#{'5', '4'}, string#Literal['5','4']|str
1#file_like object#FileLike
1#{True, False} bool#bool
1#dtype or str#np.dtype|str
1#file-like matrix#ArrayLike
1#file-object#FileLike
1#sparse-matrix#ArrayLike
1#str, unicode#str
1#ndarray, shape (n_stages, n_stages)#NDArray
1#ndarray, shape (n_stages + 1, n)#NDArray
1#ndarray, shape (3, n)#NDArray
1#ndarray, shape (n)#NDArray
1#array_like, shape (n_segments + 1,)#ArrayLike
1#list of DenseOutput with n_segments elements#Sequence[DenseOutput]
1#ndarray with shape (n,) or None#NDArray|None
1#tuple (structure, groups) or None#tuple|None
1#list of callables, length n_events#ArrayLike
1#2-tuple of floats#tuple[float, ...]
1#string or `OdeSolver`#str|OdeSolver
1#callable, or list of callables#Callable|ArrayLike
1#array_like, sparse_matrix, callable or None#ArrayLike|spmatrix|Callable|None
1#array_like, sparse matrix or None#ArrayLike|None
1#ndarray, shape (n, n, m)#NDArray
1#ndarray, shape (n, n, m - 1)#NDArray
1#ndarray with shape (n, k, m) or None#NDArray|None
1#ndarray with shape (n, k, m - 1) or None#NDArray|None
1#ndarray with shape (n, k) or None#NDArray|None
1#ndarray, shape (m-1,)#NDArray
1#ndarray, shape (n, m)#NDArray
1#ndarray, shape (k,)#NDArray
1#ndarray with shape (n, n) or None#NDArray|None
1#ndarray, shape (m,)#NDArray
1#array_like, shape (n, m)#ArrayLike
1#array_like with shape (k,) or None#ArrayLike|None
1#array_like with shape (n, n) or None#ArrayLike|None
1#str {'avg', 'first', 'last'}#Literal['avg','first','last']
1#{function, scipy.LowLevelCallable}#Callable|LowLevelCallable
1#iterable object or dict#Iterable|Mapping
1#array_like or sparse matrix, shape (m, n)#ArrayLike
1#int, iterable of int with shape (n,) or None#int|Iterable[int]|None
1#{None, array_like, sparse matrix, 2-tuple}#None|ArrayLike|spmatrix|tuple
1#str in {'faq', '2opt'} (default: 'faq')#Literal['faq', '2opt']
1#function(x) -> f#Callable
1#function(vector) -> scalar#Callable
1#LinearOperator or InverseJacobian#LinearOperator|InverseJacobian
1#np.ndarray#np.ndarray
1#{`NonlinearConstraint`, `LinearConstraint`, `Bounds`}#LinearConstraint|Bounds|NonlinearConstraint
1#{callable, '2-point', '3-point', 'cs', HessianUpdateStrategy, None}#Callable|Literal['cs','3-point','2-point']|None|HessianUpdateStrategy
1#{array_like, sparse matrix}, shape (m, n)#ArrayLike|np.spmatrix
1#{NonlinearConstraint, LinearConstraint`, Bounds}#LinearConstraint|Bounds|NonlinearConstraint
1#callable ``func(x, *args)``#Callable
1#callable ``fprime(x, *args)``#Callable
1#A sequence of 2 floats#ArrayLike
1#{`~numpy.random.RandomState`, `~numpy.random.Generator`}#np.random.Generator|np.random.RandomState
1#callable, ``callback(x, f, context)``#Callable
1#ndarray, shape(n,)#NDArray
1#array_like or object#Any
1#None or M-length sequence or MxM array#None|Sequence|ArrayLike
1#ndarray, shape (n_ineq,)#NDArray
1#sparse matrix (or ndarray), shape (m, n)#np.spmatrix|np.ndarray
1#sparse matrix, shape (n, n)#ArrayLike
1#LinearOperator (or sparse matrix or ndarray), shape (m, n)#LinearOperator|np.spmatrix|np.ndarray
1#LinearOperator (or sparse matrix or ndarray), shape (n, m)#LinearOperator|np.spmatrix|np.ndarray
1#LinearOperator,  sparse matrix, ndarray, shape (n, m)#LinearOperator|ArrayLike|NDArray
1#array_like, sparse matrix of LinearOperator, shape (m, n)#ArrayLike
1#ndarray, shape (2, 2)#NDArray
1#ndarray, shape (2,)#NDArray
1#ndarray, sparse matrix or LinearOperator shape (m, n)#np.ndarray|np.spmatrix|LinearOperator
1#ndarray, sparse matrix or LinearOperator, shape (m, n)#np.ndarray|np.spmatrix|LinearOperator
1#ndarray, shape (k, n) or (n,)#NDArray
1#array_like with shape (n,) or float#ArrayLike|float
1#array_like or 'jac'#ArrayLike|Literal['jac']
1#vec#tuple
1#vec (tuple)#tuple
1#callable f'(x,*args)#Callable
1#1-D ndarray of float#NDArray
1#callable ``take_step(x)``#Callable
1#callable, ``accept_test(f_new=f_new, x_new=x_new, f_old=fold, x_old=x_old)``#Callable
1#callable, ``callback(x, f, accept)``#Callable
1#callable fprime(x,*args)#Callable
1#{Constraint, dict} or List of {Constraint, dict}#Mapping|Constraint|ArrayLike
1#array_like of shape (N + 1, N)#ArrayLike
1#{float, array_like}#ArrayLike|float
1#callable ``func(x0, *args)``#Callable
1#callable ``grad(x0, *args)``#Callable
1#callable ``f(x,*args)``#Callable
1#callable ``f'(x,*args)``#Callable
1#callable, ``f(x, *args)``#Callable
1#callable, ``fprime(x, *args)``#Callable
1#callable ``f'(x, *args)``#Callable
1#callable ``fhess_p(x, p, *args)``#Callable
1#callable ``fhess(x, *args)``#Callable
1#vector of floats#tuple[float,...]
1#{0, 1, 2, 3}#Literal[0,1,2,3]
1#(N-1,) array_like#ArrayLike
1#(M, N) ndarray#NDArray
1#(P, Q) ndarray#NDArray
1#(n,) array_like#ArrayLike
1#(m,) array_like#ArrayLike
1#{int, inf, -inf, 'fro', 'nuc', None}#int|Literal[np.inf,-np.inf,'fro', 'nuc']|None
1#(N, NRHS) array_like#ArrayLike
1#bool, optional, deprecated#bool|None
1#{0, 1, 2, 'N', 'T', 'C'}#Literal[0,1,2,'N','T','C']
1#(`l` + `u` + 1, M) array_like#ArrayLike
1#(`u` + 1, M) array_like#ArrayLike
1#(n, n) array_like#ArrayLike
1#array_like with shape (N, N)#ArrayLike
1#str {'real','complex'}#str|Literal['real','complex']
1#array_like, iterable#ArrayLike|Iterable
1#:class:`numpy.ndarray` or :class:`scipy.sparse.linalg.LinearOperator` with `rmatvec`#np.ndarray|LinearOperator
1#(m, n) array_like#ArrayLike
1#(n, k) array_like#ArrayLike
1#(m, k) array_like#ArrayLike
1#(..., M) array_like#ArrayLike
1#(..., M, M) array_like#ArrayLike
1#(M,) or (N,) array_like#ArrayLike
1#(M, N), array_like#tuple[M,N]|ArrayLike
1#(u + 1, M) array_like#ArrayLike
1#ndarray or dtype#np.ndarray|np.dtype
1#{'chessboard', 'taxicab'} or array_like#Literal['chessboard','taxicab']|ArrayLike
1#float64 ndarray#NDArray
1#int, sequence of ints or None#int|Sequence[int]|None
1#ndarray (optional)#NDArray
1#(N, M) ndarray#NDArray
1#list of str or None#ArrayLike|None
1#lambda or function#lambda|Callable
1#matplotlib Axes instance#Axes
1#array_like of rank-1#ArrayLike
1#Model class instance#Model
1#{0, 1, 2, 3} int#Literal[0,1,2,3]
