NotFittedError#skimage.future.trainable_segmentation
TrainableSegmenter#skimage.future.trainable_segmentation
RAG#skimage.future.graph.rag
GeometricTransform#skimage.transform._geometric
FundamentalMatrixTransform#skimage.transform._geometric
EssentialMatrixTransform#skimage.transform._geometric
ProjectiveTransform#skimage.transform._geometric
AffineTransform#skimage.transform._geometric
PiecewiseAffineTransform#skimage.transform._geometric
EuclideanTransform#skimage.transform._geometric
SimilarityTransform#skimage.transform._geometric
PolynomialTransform#skimage.transform._geometric
CENSURE#skimage.feature.censure
BRIEF#skimage.feature.brief
FeatureDetector#skimage.feature.util
DescriptorExtractor#skimage.feature.util
ORB#skimage.feature.orb
SIFT#skimage.feature.sift
skimage_deprecation#skimage._shared.utils
_DecoratorBaseClass#skimage._shared.utils
change_default_value#skimage._shared.utils
remove_arg#skimage._shared.utils
deprecate_kwarg#skimage._shared.utils
deprecate_multichannel_kwarg#skimage._shared.utils
channel_as_last_axis#skimage._shared.utils
deprecated#skimage._shared.utils
PytestTester#skimage._shared.tester
BaseModel#skimage.measure.fit
LineModelND#skimage.measure.fit
CircleModel#skimage.measure.fit
EllipseModel#skimage.measure.fit
RegionProperties#skimage.measure._regionprops
WindowsError#skimage._build
ImageCollection#skimage.io.collection
MultiImage#skimage.io.collection
ImageLabel#skimage.io._plugins.qt_plugin
RGBHSVDisplay#skimage.io._plugins.skivi
SkiviImageWindow#skimage.io._plugins.skivi
ImageWindow#skimage.io._plugins.qt_plugin
ColorHistogram#skimage.io._plugins.q_histogram
QuadHistogram#skimage.io._plugins.q_histogram
GuiLockError#skimage.io._plugins.util
WindowManager#skimage.io._plugins.util
ImgThread#skimage.io._plugins.util
ThreadDispatch#skimage.io._plugins.util
ColorMixer#skimage.io._plugins.util
IntelligentSlider#skimage.io._plugins.q_color_mixer
MixerPanel#skimage.io._plugins.q_color_mixer
_fcycle#skimage.segmentation.morphsnakes
ArrayMap#skimage.util._map_array
LPIFilter2D#skimage.filters.lpi_filter
