DistanceMetric#sklearn.neighbors._distance_metric
LocalOutlierFactor#sklearn.neighbors._lof
KernelDensity#sklearn.neighbors._kde
NearestNeighbors#sklearn.neighbors._unsupervised
NearestCentroid#sklearn.neighbors._nearest_centroid
KNeighborsRegressor#sklearn.neighbors._regression
RadiusNeighborsRegressor#sklearn.neighbors._regression
KNeighborsTransformer#sklearn.neighbors._graph
RadiusNeighborsTransformer#sklearn.neighbors._graph
NeighborsBase#sklearn.neighbors._base
KNeighborsMixin#sklearn.neighbors._base
RadiusNeighborsMixin#sklearn.neighbors._base
NeighborhoodComponentsAnalysis#sklearn.neighbors._nca
KNeighborsClassifier#sklearn.neighbors._classification
RadiusNeighborsClassifier#sklearn.neighbors._classification
_PLS#sklearn.cross_decomposition._pls
PLSRegression#sklearn.cross_decomposition._pls
PLSCanonical#sklearn.cross_decomposition._pls
CCA#sklearn.cross_decomposition._pls
PLSSVD#sklearn.cross_decomposition._pls
CalibratedClassifierCV#sklearn.calibration
_CalibratedClassifier#sklearn.calibration
_SigmoidCalibration#sklearn.calibration
CalibrationDisplay#sklearn.calibration
LatentDirichletAllocation#sklearn.decomposition._lda
_BaseSparseCoding#sklearn.decomposition._dict_learning
SparseCoder#sklearn.decomposition._dict_learning
DictionaryLearning#sklearn.decomposition._dict_learning
MiniBatchDictionaryLearning#sklearn.decomposition._dict_learning
TruncatedSVD#sklearn.decomposition._truncated_svd
PCA#sklearn.decomposition._pca
FastICA#sklearn.decomposition._fastica
IncrementalPCA#sklearn.decomposition._incremental_pca
KernelPCA#sklearn.decomposition._kernel_pca
_BaseSparsePCA#sklearn.decomposition._sparse_pca
SparsePCA#sklearn.decomposition._sparse_pca
MiniBatchSparsePCA#sklearn.decomposition._sparse_pca
_BaseNMF#sklearn.decomposition._nmf
NMF#sklearn.decomposition._nmf
MiniBatchNMF#sklearn.decomposition._nmf
FactorAnalysis#sklearn.decomposition._factor_analysis
_BasePCA#sklearn.decomposition._base
BaseEstimator#sklearn.base
ClassifierMixin#sklearn.base
RegressorMixin#sklearn.base
ClusterMixin#sklearn.base
BiclusterMixin#sklearn.base
TransformerMixin#sklearn.base
OneToOneFeatureMixin#sklearn.base
ClassNamePrefixFeaturesOutMixin#sklearn.base
DensityMixin#sklearn.base
OutlierMixin#sklearn.base
MetaEstimatorMixin#sklearn.base
MultiOutputMixin#sklearn.base
_UnstableArchMixin#sklearn.base
DummyClassifier#sklearn.dummy
DummyRegressor#sklearn.dummy
BaseCrossValidator#sklearn.model_selection._split
LeaveOneOut#sklearn.model_selection._split
LeavePOut#sklearn.model_selection._split
_BaseKFold#sklearn.model_selection._split
KFold#sklearn.model_selection._split
GroupKFold#sklearn.model_selection._split
StratifiedKFold#sklearn.model_selection._split
StratifiedGroupKFold#sklearn.model_selection._split
TimeSeriesSplit#sklearn.model_selection._split
LeaveOneGroupOut#sklearn.model_selection._split
LeavePGroupsOut#sklearn.model_selection._split
_RepeatedSplits#sklearn.model_selection._split
RepeatedKFold#sklearn.model_selection._split
RepeatedStratifiedKFold#sklearn.model_selection._split
BaseShuffleSplit#sklearn.model_selection._split
ShuffleSplit#sklearn.model_selection._split
GroupShuffleSplit#sklearn.model_selection._split
StratifiedShuffleSplit#sklearn.model_selection._split
PredefinedSplit#sklearn.model_selection._split
_CVIterableWrapper#sklearn.model_selection._split
_SubsampleMetaSplitter#sklearn.model_selection._search_successive_halving
BaseSuccessiveHalving#sklearn.model_selection._search_successive_halving
HalvingGridSearchCV#sklearn.model_selection._search_successive_halving
HalvingRandomSearchCV#sklearn.model_selection._search_successive_halving
LearningCurveDisplay#sklearn.model_selection._plot
ParameterGrid#sklearn.model_selection._search
ParameterSampler#sklearn.model_selection._search
BaseSearchCV#sklearn.model_selection._search
GridSearchCV#sklearn.model_selection._search
RandomizedSearchCV#sklearn.model_selection._search
FunctionTransformer#sklearn.preprocessing._function_transformer
LabelEncoder#sklearn.preprocessing._label
LabelBinarizer#sklearn.preprocessing._label
MultiLabelBinarizer#sklearn.preprocessing._label
PolynomialFeatures#sklearn.preprocessing._polynomial
SplineTransformer#sklearn.preprocessing._polynomial
KBinsDiscretizer#sklearn.preprocessing._discretization
_BaseEncoder#sklearn.preprocessing._encoders
OneHotEncoder#sklearn.preprocessing._encoders
OrdinalEncoder#sklearn.preprocessing._encoders
MinMaxScaler#sklearn.preprocessing._data
StandardScaler#sklearn.preprocessing._data
MaxAbsScaler#sklearn.preprocessing._data
RobustScaler#sklearn.preprocessing._data
Normalizer#sklearn.preprocessing._data
Binarizer#sklearn.preprocessing._data
KernelCenterer#sklearn.preprocessing._data
QuantileTransformer#sklearn.preprocessing._data
PowerTransformer#sklearn.preprocessing._data
NotFittedError#sklearn.exceptions
ConvergenceWarning#sklearn.exceptions
DataConversionWarning#sklearn.exceptions
DataDimensionalityWarning#sklearn.exceptions
EfficiencyWarning#sklearn.exceptions
FitFailedWarning#sklearn.exceptions
SkipTestWarning#sklearn.exceptions
UndefinedMetricWarning#sklearn.exceptions
PositiveSpectrumWarning#sklearn.exceptions
GaussianMixture#sklearn.mixture._gaussian_mixture
BayesianGaussianMixture#sklearn.mixture._bayesian_mixture
BaseMixture#sklearn.mixture._base
LinearDiscriminantAnalysis#sklearn.discriminant_analysis
QuadraticDiscriminantAnalysis#sklearn.discriminant_analysis
Pipeline#sklearn.pipeline
FeatureUnion#sklearn.pipeline
SpectralEmbedding#sklearn.manifold._spectral_embedding
MDS#sklearn.manifold._mds
Isomap#sklearn.manifold._isomap
TSNE#sklearn.manifold._t_sne
LocallyLinearEmbedding#sklearn.manifold._locally_linear
_BaseNB#sklearn.naive_bayes
GaussianNB#sklearn.naive_bayes
_BaseDiscreteNB#sklearn.naive_bayes
MultinomialNB#sklearn.naive_bayes
ComplementNB#sklearn.naive_bayes
BernoulliNB#sklearn.naive_bayes
CategoricalNB#sklearn.naive_bayes
LinearSVC#sklearn.svm._classes
LinearSVR#sklearn.svm._classes
SVC#sklearn.svm._classes
NuSVC#sklearn.svm._classes
SVR#sklearn.svm._classes
NuSVR#sklearn.svm._classes
OneClassSVM#sklearn.svm._classes
BaseLibSVM#sklearn.svm._base
BaseSVC#sklearn.svm._base
PartialDependenceDisplay#sklearn.inspection._plot.partial_dependence
DecisionBoundaryDisplay#sklearn.inspection._plot.decision_boundary
SequentialFeatureSelector#sklearn.feature_selection._sequential
_BaseFilter#sklearn.feature_selection._univariate_selection
SelectPercentile#sklearn.feature_selection._univariate_selection
SelectKBest#sklearn.feature_selection._univariate_selection
SelectFpr#sklearn.feature_selection._univariate_selection
SelectFdr#sklearn.feature_selection._univariate_selection
SelectFwe#sklearn.feature_selection._univariate_selection
GenericUnivariateSelect#sklearn.feature_selection._univariate_selection
SelectFromModel#sklearn.feature_selection._from_model
RFE#sklearn.feature_selection._rfe
RFECV#sklearn.feature_selection._rfe
VarianceThreshold#sklearn.feature_selection._variance_threshold
SelectorMixin#sklearn.feature_selection._base
BaseMultilayerPerceptron#sklearn.neural_network._multilayer_perceptron
MLPClassifier#sklearn.neural_network._multilayer_perceptron
MLPRegressor#sklearn.neural_network._multilayer_perceptron
BaseOptimizer#sklearn.neural_network._stochastic_optimizers
SGDOptimizer#sklearn.neural_network._stochastic_optimizers
AdamOptimizer#sklearn.neural_network._stochastic_optimizers
BernoulliRBM#sklearn.neural_network._rbm
MinCovDet#sklearn.covariance._robust_covariance
EllipticEnvelope#sklearn.covariance._elliptic_envelope
ShrunkCovariance#sklearn.covariance._shrunk_covariance
LedoitWolf#sklearn.covariance._shrunk_covariance
OAS#sklearn.covariance._shrunk_covariance
EmpiricalCovariance#sklearn.covariance._empirical_covariance
BaseGraphicalLasso#sklearn.covariance._graph_lasso
GraphicalLasso#sklearn.covariance._graph_lasso
GraphicalLassoCV#sklearn.covariance._graph_lasso
InvalidParameterError#sklearn.utils._param_validation
_Constraint#sklearn.utils._param_validation
_InstancesOf#sklearn.utils._param_validation
_NoneConstraint#sklearn.utils._param_validation
_NanConstraint#sklearn.utils._param_validation
_PandasNAConstraint#sklearn.utils._param_validation
Options#sklearn.utils._param_validation
StrOptions#sklearn.utils._param_validation
Interval#sklearn._loss.link
_ArrayLikes#sklearn.utils._param_validation
_SparseMatrices#sklearn.utils._param_validation
_Callables#sklearn.utils._param_validation
_RandomStates#sklearn.utils._param_validation
_Booleans#sklearn.utils._param_validation
_VerboseHelper#sklearn.utils._param_validation
_MissingValues#sklearn.utils._param_validation
HasMethods#sklearn.utils._param_validation
_IterablesNotString#sklearn.utils._param_validation
_CVObjects#sklearn.utils._param_validation
Hidden#sklearn.utils._param_validation
Parallel#sklearn.utils.parallel
_FuncWrapper#sklearn.utils.parallel
MissingValues#sklearn.utils._encode
_nandict#sklearn.utils._encode
_NaNCounter#sklearn.utils._encode
_IgnoreWarnings#sklearn.utils._testing
TempMemmap#sklearn.utils._testing
_Raises#sklearn.utils._testing
MinimalClassifier#sklearn.utils._testing
MinimalRegressor#sklearn.utils._testing
MinimalTransformer#sklearn.utils._testing
_BaseComposition#sklearn.utils.metaestimators
_IffHasAttrDescriptor#sklearn.utils.metaestimators
_IDCounter#sklearn.utils._estimator_html_repr
_VisualBlock#sklearn.utils._estimator_html_repr
_SetOutputMixin#sklearn.utils._set_output
ArraySlicingWrapper#sklearn.utils._mocking
MockDataFrame#sklearn.utils._mocking
CheckingClassifier#sklearn.utils._mocking
NoSampleWeightWrapper#sklearn.utils._mocking
KeyValTuple#sklearn.utils._pprint
KeyValTupleParam#sklearn.utils._pprint
_EstimatorPrettyPrinter#sklearn.utils._pprint
Bunch#sklearn.utils._bunch
_NotAnArray#sklearn.utils.estimator_checks
_ArrayAPIWrapper#sklearn.utils._array_api
_NumPyApiWrapper#sklearn.utils._array_api
deprecated#sklearn.utils.deprecation
_AvailableIfDescriptor#sklearn.utils._available_if
loguniform#sklearn.utils.fixes
_LineSearchError#sklearn.utils.optimize
IterativeImputer#sklearn.impute._iterative
KNNImputer#sklearn.impute._knn
_BaseImputer#sklearn.impute._base
SimpleImputer#sklearn.impute._base
MissingIndicator#sklearn.impute._base
KernelRidge#sklearn.kernel_ridge
RANSACRegressor#sklearn.linear_model._ransac
BayesianRidge#sklearn.linear_model._bayes
ARDRegression#sklearn.linear_model._bayes
HuberRegressor#sklearn.linear_model._huber
_ValidationScoreCallback#sklearn.linear_model._stochastic_gradient
BaseSGD#sklearn.linear_model._stochastic_gradient
BaseSGDClassifier#sklearn.linear_model._stochastic_gradient
SGDClassifier#sklearn.linear_model._stochastic_gradient
BaseSGDRegressor#sklearn.linear_model._stochastic_gradient
SGDRegressor#sklearn.linear_model._stochastic_gradient
SGDOneClassSVM#sklearn.linear_model._stochastic_gradient
_BaseRidge#sklearn.linear_model._ridge
Ridge#sklearn.linear_model._ridge
_RidgeClassifierMixin#sklearn.linear_model._ridge
RidgeClassifier#sklearn.linear_model._ridge
_X_CenterStackOp#sklearn.linear_model._ridge
_XT_CenterStackOp#sklearn.linear_model._ridge
_IdentityRegressor#sklearn.linear_model._ridge
_IdentityClassifier#sklearn.linear_model._ridge
_RidgeGCV#sklearn.linear_model._ridge
_BaseRidgeCV#sklearn.linear_model._ridge
RidgeCV#sklearn.linear_model._ridge
RidgeClassifierCV#sklearn.linear_model._ridge
ElasticNet#sklearn.linear_model._coordinate_descent
Lasso#sklearn.linear_model._coordinate_descent
LinearModelCV#sklearn.linear_model._coordinate_descent
LassoCV#sklearn.linear_model._coordinate_descent
ElasticNetCV#sklearn.linear_model._coordinate_descent
MultiTaskElasticNet#sklearn.linear_model._coordinate_descent
MultiTaskLasso#sklearn.linear_model._coordinate_descent
MultiTaskElasticNetCV#sklearn.linear_model._coordinate_descent
MultiTaskLassoCV#sklearn.linear_model._coordinate_descent
LinearModelLoss#sklearn.linear_model._linear_loss
TheilSenRegressor#sklearn.linear_model._theil_sen
Perceptron#sklearn.linear_model._perceptron
OrthogonalMatchingPursuit#sklearn.linear_model._omp
OrthogonalMatchingPursuitCV#sklearn.linear_model._omp
LogisticRegression#sklearn.linear_model._logistic
LogisticRegressionCV#sklearn.linear_model._logistic
PassiveAggressiveClassifier#sklearn.linear_model._passive_aggressive
PassiveAggressiveRegressor#sklearn.linear_model._passive_aggressive
NewtonSolver#sklearn.linear_model._glm._newton_solver
NewtonCholeskySolver#sklearn.linear_model._glm._newton_solver
_GeneralizedLinearRegressor#sklearn.linear_model._glm.glm
PoissonRegressor#sklearn.linear_model._glm.glm
GammaRegressor#sklearn.linear_model._glm.glm
TweedieRegressor#sklearn.linear_model._glm.glm
Lars#sklearn.linear_model._least_angle
LassoLars#sklearn.linear_model._least_angle
LarsCV#sklearn.linear_model._least_angle
LassoLarsCV#sklearn.linear_model._least_angle
LassoLarsIC#sklearn.linear_model._least_angle
LinearModel#sklearn.linear_model._base
LinearClassifierMixin#sklearn.linear_model._base
SparseCoefMixin#sklearn.linear_model._base
LinearRegression#sklearn.linear_model._base
QuantileRegressor#sklearn.linear_model._quantile
_MultiOutputEstimator#sklearn.multioutput
MultiOutputRegressor#sklearn.multioutput
MultiOutputClassifier#sklearn.multioutput
_BaseChain#sklearn.multioutput
ClassifierChain#sklearn.multioutput
RegressorChain#sklearn.multioutput
IsotonicRegression#sklearn.isotonic
BaseRandomProjection#sklearn.random_projection
GaussianRandomProjection#sklearn.random_projection
SparseRandomProjection#sklearn.random_projection
PolynomialCountSketch#sklearn.kernel_approximation
RBFSampler#sklearn.kernel_approximation
SkewedChi2Sampler#sklearn.kernel_approximation
AdditiveChi2Sampler#sklearn.kernel_approximation
Nystroem#sklearn.kernel_approximation
InfinityType#sklearn.externals._packaging._structures
NegativeInfinityType#sklearn.externals._packaging._structures
InvalidVersion#sklearn.externals._packaging.version
_BaseVersion#sklearn.externals._packaging.version
LegacyVersion#sklearn.externals._packaging.version
Version#sklearn.externals._packaging.version
ArffContainerType#sklearn.externals._arff
ArffException#sklearn.externals._arff
BadRelationFormat#sklearn.externals._arff
BadAttributeFormat#sklearn.externals._arff
BadDataFormat#sklearn.externals._arff
BadAttributeType#sklearn.externals._arff
BadAttributeName#sklearn.externals._arff
BadNominalValue#sklearn.externals._arff
BadNominalFormatting#sklearn.externals._arff
BadNumericalValue#sklearn.externals._arff
BadStringValue#sklearn.externals._arff
BadLayout#sklearn.externals._arff
BadObject#sklearn.externals._arff
EncodedNominalConversor#sklearn.externals._arff
NominalConversor#sklearn.externals._arff
DenseGeneratorData#sklearn.externals._arff
_DataListMixin#sklearn.externals._arff
Data#sklearn.externals._arff
COOData#sklearn.externals._arff
LODGeneratorData#sklearn.externals._arff
LODData#sklearn.externals._arff
ArffDecoder#sklearn.externals._arff
ArffEncoder#sklearn.externals._arff
OpenMLError#sklearn.datasets._openml
ColumnTransformer#sklearn.compose._column_transformer
make_column_selector#sklearn.compose._column_transformer
TransformedTargetRegressor#sklearn.compose._target
GaussianProcessRegressor#sklearn.gaussian_process._gpr
Hyperparameter#sklearn.gaussian_process.kernels
Kernel#sklearn.gaussian_process.kernels
NormalizedKernelMixin#sklearn.gaussian_process.kernels
StationaryKernelMixin#sklearn.gaussian_process.kernels
GenericKernelMixin#sklearn.gaussian_process.kernels
CompoundKernel#sklearn.gaussian_process.kernels
KernelOperator#sklearn.gaussian_process.kernels
Sum#sklearn.gaussian_process.kernels
Product#sklearn.gaussian_process.kernels
Exponentiation#sklearn.gaussian_process.kernels
ConstantKernel#sklearn.gaussian_process.kernels
WhiteKernel#sklearn.gaussian_process.kernels
RBF#sklearn.gaussian_process.kernels
Matern#sklearn.gaussian_process.kernels
RationalQuadratic#sklearn.gaussian_process.kernels
ExpSineSquared#sklearn.gaussian_process.kernels
DotProduct#sklearn.gaussian_process.kernels
PairwiseKernel#sklearn.gaussian_process.kernels
_BinaryGaussianProcessClassifierLaplace#sklearn.gaussian_process._gpc
GaussianProcessClassifier#sklearn.gaussian_process._gpc
_ConstantPredictor#sklearn.multiclass
OneVsRestClassifier#sklearn.multiclass
OneVsOneClassifier#sklearn.multiclass
OutputCodeClassifier#sklearn.multiclass
SelfTrainingClassifier#sklearn.semi_supervised._self_training
BaseLabelPropagation#sklearn.semi_supervised._label_propagation
LabelPropagation#sklearn.semi_supervised._label_propagation
LabelSpreading#sklearn.semi_supervised._label_propagation
ExponentialDispersionModel#sklearn._loss.glm_distribution
TweedieDistribution#sklearn._loss.glm_distribution
NormalDistribution#sklearn._loss.glm_distribution
PoissonDistribution#sklearn._loss.glm_distribution
GammaDistribution#sklearn._loss.glm_distribution
InverseGaussianDistribution#sklearn._loss.glm_distribution
BaseLoss#sklearn._loss.loss
HalfSquaredError#sklearn._loss.loss
AbsoluteError#sklearn._loss.loss
PinballLoss#sklearn._loss.loss
HalfPoissonLoss#sklearn._loss.loss
HalfGammaLoss#sklearn._loss.loss
HalfTweedieLoss#sklearn._loss.loss
HalfTweedieLossIdentity#sklearn._loss.loss
HalfBinomialLoss#sklearn._loss.loss
HalfMultinomialLoss#sklearn._loss.loss
BaseLink#sklearn._loss.link
IdentityLink#sklearn._loss.link
LogLink#sklearn._loss.link
LogitLink#sklearn._loss.link
MultinomialLogit#sklearn._loss.link
PatchExtractor#sklearn.feature_extraction.image
_VectorizerMixin#sklearn.feature_extraction.text
HashingVectorizer#sklearn.feature_extraction.text
CountVectorizer#sklearn.feature_extraction.text
TfidfTransformer#sklearn.feature_extraction.text
TfidfVectorizer#sklearn.feature_extraction.text
DictVectorizer#sklearn.feature_extraction._dict_vectorizer
FeatureHasher#sklearn.feature_extraction._hash
MeanShift#sklearn.cluster._mean_shift
_CFNode#sklearn.cluster._birch
_CFSubcluster#sklearn.cluster._birch
Birch#sklearn.cluster._birch
AffinityPropagation#sklearn.cluster._affinity_propagation
_BisectingTree#sklearn.cluster._bisect_k_means
BisectingKMeans#sklearn.cluster._bisect_k_means
SpectralClustering#sklearn.cluster._spectral
_BaseKMeans#sklearn.cluster._kmeans
KMeans#sklearn.cluster._kmeans
MiniBatchKMeans#sklearn.cluster._kmeans
AgglomerationTransform#sklearn.cluster._feature_agglomeration
BaseSpectral#sklearn.cluster._bicluster
SpectralCoclustering#sklearn.cluster._bicluster
SpectralBiclustering#sklearn.cluster._bicluster
DBSCAN#sklearn.cluster._dbscan
OPTICS#sklearn.cluster._optics
AgglomerativeClustering#sklearn.cluster._agglomerative
FeatureAgglomeration#sklearn.cluster._agglomerative
_BaseStacking#sklearn.ensemble._stacking
StackingClassifier#sklearn.ensemble._stacking
StackingRegressor#sklearn.ensemble._stacking
IsolationForest#sklearn.ensemble._iforest
LossFunction#sklearn.ensemble._gb_losses
RegressionLossFunction#sklearn.ensemble._gb_losses
LeastSquaresError#sklearn.ensemble._gb_losses
LeastAbsoluteError#sklearn.ensemble._gb_losses
HuberLossFunction#sklearn.ensemble._gb_losses
QuantileLossFunction#sklearn.ensemble._gb_losses
ClassificationLossFunction#sklearn.ensemble._gb_losses
BinomialDeviance#sklearn.ensemble._gb_losses
MultinomialDeviance#sklearn.ensemble._gb_losses
ExponentialLoss#sklearn.ensemble._gb_losses
TreeNode#sklearn.ensemble._hist_gradient_boosting.grower
TreeGrower#sklearn.ensemble._hist_gradient_boosting.grower
BaseHistGradientBoosting#sklearn.ensemble._hist_gradient_boosting.gradient_boosting
HistGradientBoostingRegressor#sklearn.ensemble._hist_gradient_boosting.gradient_boosting
HistGradientBoostingClassifier#sklearn.ensemble._hist_gradient_boosting.gradient_boosting
_BinMapper#sklearn.ensemble._hist_gradient_boosting.binning
TreePredictor#sklearn.ensemble._hist_gradient_boosting.predictor
BaseWeightBoosting#sklearn.ensemble._weight_boosting
AdaBoostClassifier#sklearn.ensemble._weight_boosting
AdaBoostRegressor#sklearn.ensemble._weight_boosting
VerboseReporter#sklearn.ensemble._gb
BaseGradientBoosting#sklearn.ensemble._gb
GradientBoostingClassifier#sklearn.ensemble._gb
GradientBoostingRegressor#sklearn.ensemble._gb
BaseBagging#sklearn.ensemble._bagging
BaggingClassifier#sklearn.ensemble._bagging
BaggingRegressor#sklearn.ensemble._bagging
_BaseVoting#sklearn.ensemble._voting
VotingClassifier#sklearn.ensemble._voting
VotingRegressor#sklearn.ensemble._voting
BaseForest#sklearn.ensemble._forest
ForestClassifier#sklearn.ensemble._forest
ForestRegressor#sklearn.ensemble._forest
RandomForestClassifier#sklearn.ensemble._forest
RandomForestRegressor#sklearn.ensemble._forest
ExtraTreesClassifier#sklearn.ensemble._forest
ExtraTreesRegressor#sklearn.ensemble._forest
RandomTreesEmbedding#sklearn.ensemble._forest
BaseEnsemble#sklearn.ensemble._base
_BaseHeterogeneousEnsemble#sklearn.ensemble._base
BaseDistancesReductionDispatcher#sklearn.metrics._pairwise_distances_reduction._dispatcher
ArgKmin#sklearn.metrics._pairwise_distances_reduction._dispatcher
RadiusNeighbors#sklearn.metrics._pairwise_distances_reduction._dispatcher
ConfusionMatrixDisplay#sklearn.metrics._plot.confusion_matrix
RocCurveDisplay#sklearn.metrics._plot.roc_curve
PrecisionRecallDisplay#sklearn.metrics._plot.precision_recall_curve
DetCurveDisplay#sklearn.metrics._plot.det_curve
PredictionErrorDisplay#sklearn.metrics._plot.regression
_MultimetricScorer#sklearn.metrics._scorer
_BaseScorer#sklearn.metrics._scorer
_PredictScorer#sklearn.metrics._scorer
_ProbaScorer#sklearn.metrics._scorer
_ThresholdScorer#sklearn.metrics._scorer
_DeprecatedScorers#sklearn.metrics._scorer
BaseDecisionTree#sklearn.tree._classes
DecisionTreeClassifier#sklearn.tree._classes
DecisionTreeRegressor#sklearn.tree._classes
ExtraTreeClassifier#sklearn.tree._classes
ExtraTreeRegressor#sklearn.tree._classes
DrawTree#sklearn.tree._reingold_tilford
Tree#sklearn.tree._reingold_tilford
Sentinel#sklearn.tree._export
_BaseTreeExporter#sklearn.tree._export
_DOTTreeExporter#sklearn.tree._export
_MPLTreeExporter#sklearn.tree._export
